Archive member included to satisfy reference by file (symbol)

d:/9 2019-q4-major/bin/../lib/gcc/arm-none-eabi/9.2.1/thumb/v6-m/nofp\libgcc.a(_dvmd_tls.o)
                              CMakeFiles/LCD_1INCH44.dir/D_/pico-env/pico-sdk/src/rp2_common/pico_divider/divider.S.obj (__aeabi_idiv0)
d:/9 2019-q4-major/bin/../lib/gcc/arm-none-eabi/9.2.1/../../../../arm-none-eabi/lib/thumb/v6-m/nofp\libg.a(lib_a-calloc.o)
                              CMakeFiles/LCD_1INCH44.dir/D_/pico-env/pico-sdk/src/rp2_common/pico_malloc/pico_malloc.c.obj (calloc)
d:/9 2019-q4-major/bin/../lib/gcc/arm-none-eabi/9.2.1/../../../../arm-none-eabi/lib/thumb/v6-m/nofp\libg.a(lib_a-callocr.o)
                              d:/9 2019-q4-major/bin/../lib/gcc/arm-none-eabi/9.2.1/../../../../arm-none-eabi/lib/thumb/v6-m/nofp\libg.a(lib_a-calloc.o) (_calloc_r)
d:/9 2019-q4-major/bin/../lib/gcc/arm-none-eabi/9.2.1/../../../../arm-none-eabi/lib/thumb/v6-m/nofp\libg.a(lib_a-ctype_.o)
                              CMakeFiles/LCD_1INCH44.dir/D_/pico-env/pico-sdk/lib/tinyusb/src/tusb.c.obj (_ctype_)
d:/9 2019-q4-major/bin/../lib/gcc/arm-none-eabi/9.2.1/../../../../arm-none-eabi/lib/thumb/v6-m/nofp\libg.a(lib_a-fclose.o)
                              CMakeFiles/LCD_1INCH44.dir/lcd_gui.c.obj (fclose)
d:/9 2019-q4-major/bin/../lib/gcc/arm-none-eabi/9.2.1/../../../../arm-none-eabi/lib/thumb/v6-m/nofp\libg.a(lib_a-fflush.o)
                              d:/9 2019-q4-major/bin/../lib/gcc/arm-none-eabi/9.2.1/../../../../arm-none-eabi/lib/thumb/v6-m/nofp\libg.a(lib_a-fclose.o) (__sflush_r)
d:/9 2019-q4-major/bin/../lib/gcc/arm-none-eabi/9.2.1/../../../../arm-none-eabi/lib/thumb/v6-m/nofp\libg.a(lib_a-findfp.o)
                              d:/9 2019-q4-major/bin/../lib/gcc/arm-none-eabi/9.2.1/../../../../arm-none-eabi/lib/thumb/v6-m/nofp\libg.a(lib_a-fclose.o) (__sinit)
d:/9 2019-q4-major/bin/../lib/gcc/arm-none-eabi/9.2.1/../../../../arm-none-eabi/lib/thumb/v6-m/nofp\libg.a(lib_a-fopen.o)
                              CMakeFiles/LCD_1INCH44.dir/lcd_gui.c.obj (fopen)
d:/9 2019-q4-major/bin/../lib/gcc/arm-none-eabi/9.2.1/../../../../arm-none-eabi/lib/thumb/v6-m/nofp\libg.a(lib_a-fread.o)
                              CMakeFiles/LCD_1INCH44.dir/lcd_gui.c.obj (fread)
d:/9 2019-q4-major/bin/../lib/gcc/arm-none-eabi/9.2.1/../../../../arm-none-eabi/lib/thumb/v6-m/nofp\libg.a(lib_a-freer.o)
                              d:/9 2019-q4-major/bin/../lib/gcc/arm-none-eabi/9.2.1/../../../../arm-none-eabi/lib/thumb/v6-m/nofp\libg.a(lib_a-fclose.o) (_free_r)
d:/9 2019-q4-major/bin/../lib/gcc/arm-none-eabi/9.2.1/../../../../arm-none-eabi/lib/thumb/v6-m/nofp\libg.a(lib_a-fseek.o)
                              d:/9 2019-q4-major/bin/../lib/gcc/arm-none-eabi/9.2.1/../../../../arm-none-eabi/lib/thumb/v6-m/nofp\libg.a(lib_a-fopen.o) (_fseek_r)
d:/9 2019-q4-major/bin/../lib/gcc/arm-none-eabi/9.2.1/../../../../arm-none-eabi/lib/thumb/v6-m/nofp\libg.a(lib_a-fseeko.o)
                              d:/9 2019-q4-major/bin/../lib/gcc/arm-none-eabi/9.2.1/../../../../arm-none-eabi/lib/thumb/v6-m/nofp\libg.a(lib_a-fseek.o) (_fseeko_r)
d:/9 2019-q4-major/bin/../lib/gcc/arm-none-eabi/9.2.1/../../../../arm-none-eabi/lib/thumb/v6-m/nofp\libg.a(lib_a-fstatr.o)
                              d:/9 2019-q4-major/bin/../lib/gcc/arm-none-eabi/9.2.1/../../../../arm-none-eabi/lib/thumb/v6-m/nofp\libg.a(lib_a-fseeko.o) (_fstat_r)
d:/9 2019-q4-major/bin/../lib/gcc/arm-none-eabi/9.2.1/../../../../arm-none-eabi/lib/thumb/v6-m/nofp\libg.a(lib_a-fwalk.o)
                              d:/9 2019-q4-major/bin/../lib/gcc/arm-none-eabi/9.2.1/../../../../arm-none-eabi/lib/thumb/v6-m/nofp\libg.a(lib_a-findfp.o) (_fwalk)
d:/9 2019-q4-major/bin/../lib/gcc/arm-none-eabi/9.2.1/../../../../arm-none-eabi/lib/thumb/v6-m/nofp\libg.a(lib_a-impure.o)
                              d:/9 2019-q4-major/bin/../lib/gcc/arm-none-eabi/9.2.1/../../../../arm-none-eabi/lib/thumb/v6-m/nofp\libg.a(lib_a-fflush.o) (_global_impure_ptr)
d:/9 2019-q4-major/bin/../lib/gcc/arm-none-eabi/9.2.1/../../../../arm-none-eabi/lib/thumb/v6-m/nofp\libg.a(lib_a-init.o)
                              d:/9 2019-q4-major/bin/../lib/gcc/arm-none-eabi/9.2.1/../../../../arm-none-eabi/lib/thumb/v6-m/nofp/crt0.o (__libc_init_array)
d:/9 2019-q4-major/bin/../lib/gcc/arm-none-eabi/9.2.1/../../../../arm-none-eabi/lib/thumb/v6-m/nofp\libg.a(lib_a-lock.o)
                              d:/9 2019-q4-major/bin/../lib/gcc/arm-none-eabi/9.2.1/../../../../arm-none-eabi/lib/thumb/v6-m/nofp\libg.a(lib_a-findfp.o) (__retarget_lock_init_recursive)
d:/9 2019-q4-major/bin/../lib/gcc/arm-none-eabi/9.2.1/../../../../arm-none-eabi/lib/thumb/v6-m/nofp\libg.a(lib_a-makebuf.o)
                              d:/9 2019-q4-major/bin/../lib/gcc/arm-none-eabi/9.2.1/../../../../arm-none-eabi/lib/thumb/v6-m/nofp\libg.a(lib_a-fseeko.o) (__smakebuf_r)
d:/9 2019-q4-major/bin/../lib/gcc/arm-none-eabi/9.2.1/../../../../arm-none-eabi/lib/thumb/v6-m/nofp\libg.a(lib_a-malloc.o)
[...]
Memory Configuration

Name             Origin             Length             Attributes
FLASH            0x10000000         0x00200000         xr
RAM              0x20000000         0x00040000         xrw
SCRATCH_X        0x20040000         0x00001000         xrw
SCRATCH_Y        0x20041000         0x00001000         xrw
*default*        0x00000000         0xffffffff

Linker script and memory map

LOAD d:/9 2019-q4-major/bin/../lib/gcc/arm-none-eabi/9.2.1/thumb/v6-m/nofp/crti.o
LOAD d:/9 2019-q4-major/bin/../lib/gcc/arm-none-eabi/9.2.1/thumb/v6-m/nofp/crtbegin.o
LOAD d:/9 2019-q4-major/bin/../lib/gcc/arm-none-eabi/9.2.1/../../../../arm-none-eabi/lib/thumb/v6-m/nofp/crt0.o

.flash_begin    0x10000000        0x0
                0x10000000                __flash_binary_start = .

.boot2          0x10000000      0x100
                0x10000000                __boot2_start__ = .
 *(.boot2)
 .boot2         0x10000000      0x100 C:\Users\Admin\AppData\Local\Temp\ccebRljv.o
                0x10000100                __boot2_end__ = .
                0x00000001                ASSERT (((__boot2_end__ - __boot2_start__) == 0x100), ERROR: Pico second stage bootloader must be 256 bytes in size)

.text           0x10000100     0x8808
                0x10000100                __logical_binary_start = .
 *(.vectors)
 .vectors       0x10000100       0xd4 CMakeFiles/LCD_1INCH44.dir/D_/pico-env/pico-sdk/src/rp2_common/pico_standard_link/crt0.S.obj
                0x10000100                __VECTOR_TABLE
                0x10000100                __vectors
                0x100001c0                isr_invalid
                0x100001c0                __default_isrs_start
                0x100001c2                isr_nmi
                0x100001c4                isr_hardfault
                0x100001c6                isr_svcall
                0x100001c8                isr_pendsv
                0x100001ca                isr_systick
                0x100001cc                isr_irq23
                0x100001cc                isr_irq18
                0x100001cc                isr_irq11
                0x100001cc                isr_irq28
                0x100001cc                isr_irq19
                0x100001cc                isr_irq0
                0x100001cc                isr_irq6
                0x100001cc                isr_irq5
                0x100001cc                isr_irq12
                0x100001cc                isr_irq22
                0x100001cc                isr_irq31
                0x100001cc                isr_irq17
                0x100001cc                isr_irq27
                0x100001cc                isr_irq30
                0x100001cc                isr_irq2
                0x100001cc                isr_irq10
                0x100001cc                isr_irq8
                0x100001cc                isr_irq24
                0x100001cc                isr_irq1
                0x100001cc                isr_irq7
                0x100001cc                isr_irq21
                0x100001cc                isr_irq20
                0x100001cc                isr_irq15
                0x100001cc                isr_irq25
                0x100001cc                isr_irq13
                0x100001cc                __unhandled_user_irq
                0x100001cc                isr_irq4
                0x100001cc                isr_irq16
                0x100001cc                isr_irq29
                0x100001cc                isr_irq26
                0x100001cc                __default_isrs_end
                0x100001cc                isr_irq3
                0x100001cc                isr_irq14
                0x100001cc                isr_irq9
                0x100001d2                unhandled_user_irq_num_in_r0
 *(.binary_info_header)
 .binary_info_header
                0x100001d4       0x14 CMakeFiles/LCD_1INCH44.dir/D_/pico-env/pico-sdk/src/rp2_common/pico_standard_link/crt0.S.obj
                0x100001e8                __binary_info_header_end = .
 *(.reset)
 .reset         0x100001e8       0xa8 CMakeFiles/LCD_1INCH44.dir/D_/pico-env/pico-sdk/src/rp2_common/pico_standard_link/crt0.S.obj
                0x100001e8                _entry_point
                0x10000266                __get_current_exception
 .reset         0x10000290       0x30 CMakeFiles/LCD_1INCH44.dir/D_/pico-env/pico-sdk/src/rp2_common/pico_standard_link/binary_info.c.obj
 *(.init)
 .init          0x100002c0        0x4 d:/9 2019-q4-major/bin/../lib/gcc/arm-none-eabi/9.2.1/thumb/v6-m/nofp/crti.o
                0x100002c0                _init
 *(EXCLUDE_FILE(*libm.a: *libc.a:*lib_a-mem*.o *libgcc.a:) .text*)
 .text          0x100002c4       0x48 d:/9 2019-q4-major/bin/../lib/gcc/arm-none-eabi/9.2.1/thumb/v6-m/nofp/crtbegin.o
 .text.main     0x1000030c      0x114 CMakeFiles/LCD_1INCH44.dir/main.c.obj
                0x1000030c                main
 .text.Spi_write_data
                0x10000420       0x2c CMakeFiles/LCD_1INCH44.dir/lcd_1inch44.c.obj
 .text.Spi_write_cmd
                0x1000044c       0x28 CMakeFiles/LCD_1INCH44.dir/lcd_1inch44.c.obj
 .text.Lcd_Reset
                0x10000474       0x26 CMakeFiles/LCD_1INCH44.dir/lcd_1inch44.c.obj
 *fill*         0x1000049a        0x2 
 .text.Lcd_Gpio_Init
                0x1000049c       0xac CMakeFiles/LCD_1INCH44.dir/lcd_1inch44.c.obj
                0x1000049c                Lcd_Gpio_Init
 .text.Lcd_Init
                0x10000548      0x204 CMakeFiles/LCD_1INCH44.dir/lcd_1inch44.c.obj
                0x10000548                Lcd_Init
 .text.Set_Window
                0x1000074c       0x56 CMakeFiles/LCD_1INCH44.dir/lcd_1inch44.c.obj
                0x1000074c                Set_Window
 *fill*         0x100007a2        0x2 
 .text.Display  0x100007a4       0x54 CMakeFiles/LCD_1INCH44.dir/lcd_1inch44.c.obj
                0x100007a4                Display
 .text.Image_Init
                0x100007f8       0x50 CMakeFiles/LCD_1INCH44.dir/lcd_gui.c.obj
                0x100007f8                Image_Init
 .text.Gui_set_pix
                0x10000848       0x8c CMakeFiles/LCD_1INCH44.dir/lcd_gui.c.obj
                0x10000848                Gui_set_pix
 .text.Gui_draw_point
                0x100008d4       0x94 CMakeFiles/LCD_1INCH44.dir/lcd_gui.c.obj
                0x100008d4                Gui_draw_point
 .text.Gui_Clear
                0x10000968       0x44 CMakeFiles/LCD_1INCH44.dir/lcd_gui.c.obj
                0x10000968                Gui_Clear
 .text.Gui_line
                0x100009ac      0x2b8 CMakeFiles/LCD_1INCH44.dir/lcd_gui.c.obj
                0x100009ac                Gui_line
 .text.Gui_draw_line
                0x10000c64       0xe6 CMakeFiles/LCD_1INCH44.dir/lcd_gui.c.obj
                0x10000c64                Gui_draw_line
 *fill*         0x10000d4a        0x2 
 .text.Gui_draw_rectangle
                0x10000d4c       0xf0 CMakeFiles/LCD_1INCH44.dir/lcd_gui.c.obj
                0x10000d4c                Gui_draw_rectangle
 .text.Gui_draw_circle
                0x10000e3c      0x1fc CMakeFiles/LCD_1INCH44.dir/lcd_gui.c.obj
                0x10000e3c                Gui_draw_circle
 .text.Gui_draw_char
                0x10001038      0x100 CMakeFiles/LCD_1INCH44.dir/lcd_gui.c.obj
                0x10001038                Gui_draw_char
 .text.Gui_draw_str
                0x10001138       0x98 CMakeFiles/LCD_1INCH44.dir/lcd_gui.c.obj
                0x10001138                Gui_draw_str
 .text.Key_Init
                0x100011d0       0xd4 CMakeFiles/LCD_1INCH44.dir/key.c.obj
                0x100011d0                Key_Init
 .text.Key_Task
                0x100012a4      0x570 CMakeFiles/LCD_1INCH44.dir/key.c.obj
                0x100012a4                Key_Task
 .text.spi_set_baudrate
                0x10001814       0x94 CMakeFiles/LCD_1INCH44.dir/D_/pico-env/pico-sdk/src/rp2_common/hardware_spi/spi.c.obj
                0x10001814                spi_set_baudrate
 .text.spi_init
                0x100018a8       0x68 CMakeFiles/LCD_1INCH44.dir/D_/pico-env/pico-sdk/src/rp2_common/hardware_spi/spi.c.obj
                0x100018a8                spi_init
 .text.hw_claim_lock
                0x10001910       0x18 CMakeFiles/LCD_1INCH44.dir/D_/pico-env/pico-sdk/src/rp2_common/hardware_claim/claim.c.obj
                0x10001910                hw_claim_lock
 .text.hw_claim_unlock
                0x10001928       0x14 CMakeFiles/LCD_1INCH44.dir/D_/pico-env/pico-sdk/src/rp2_common/hardware_claim/claim.c.obj
                0x10001928                hw_claim_unlock
 .text.hw_claim_or_assert
                0x1000193c       0x32 CMakeFiles/LCD_1INCH44.dir/D_/pico-env/pico-sdk/src/rp2_common/hardware_claim/claim.c.obj
                0x1000193c                hw_claim_or_assert
 .text.hw_claim_unused_from_range
                0x1000196e       0x50 CMakeFiles/LCD_1INCH44.dir/D_/pico-env/pico-sdk/src/rp2_common/hardware_claim/claim.c.obj
                0x1000196e                hw_claim_unused_from_range
 *fill*         0x100019be        0x2 
 .text.running_on_fpga
                0x100019c0       0x14 CMakeFiles/LCD_1INCH44.dir/D_/pico-env/pico-sdk/src/rp2_common/pico_platform/platform.c.obj
                0x100019c0                running_on_fpga
 .text.spin_locks_reset
                0x100019d4       0x20 CMakeFiles/LCD_1INCH44.dir/D_/pico-env/pico-sdk/src/rp2_common/hardware_sync/sync.c.obj
                0x100019d4                spin_locks_reset
 .text.next_striped_spin_lock_num
                0x100019f4       0x1c CMakeFiles/LCD_1INCH44.dir/D_/pico-env/pico-sdk/src/rp2_common/hardware_sync/sync.c.obj
                0x100019f4                next_striped_spin_lock_num
 .text.spin_lock_claim_unused
                0x10001a10       0x20 CMakeFiles/LCD_1INCH44.dir/D_/pico-env/pico-sdk/src/rp2_common/hardware_sync/sync.c.obj
                0x10001a10                spin_lock_claim_unused
 .text.gpio_set_function
                0x10001a30       0x30 CMakeFiles/LCD_1INCH44.dir/D_/pico-env/pico-sdk/src/rp2_common/hardware_gpio/gpio.c.obj
                0x10001a30                gpio_set_function
 .text.gpio_set_pulls
                0x10001a60       0x34 CMakeFiles/LCD_1INCH44.dir/D_/pico-env/pico-sdk/src/rp2_common/hardware_gpio/gpio.c.obj
                0x10001a60                gpio_set_pulls
 .text.gpio_init
                0x10001a94       0x16 CMakeFiles/LCD_1INCH44.dir/D_/pico-env/pico-sdk/src/rp2_common/hardware_gpio/gpio.c.obj
                0x10001a94                gpio_init
 *fill*         0x10001aaa        0x2 
 .text.set_raw_irq_handler_and_unlock
                0x10001aac       0x28 CMakeFiles/LCD_1INCH44.dir/D_/pico-env/pico-sdk/src/rp2_common/hardware_irq/irq.c.obj
 .text.make_branch
                0x10001ad4       0x48 CMakeFiles/LCD_1INCH44.dir/D_/pico-env/pico-sdk/src/rp2_common/hardware_irq/irq.c.obj
 .text.insert_branch_and_link
                0x10001b1c       0x40 CMakeFiles/LCD_1INCH44.dir/D_/pico-env/pico-sdk/src/rp2_common/hardware_irq/irq.c.obj
 .text.irq_is_enabled
                0x10001b5c       0x18 CMakeFiles/LCD_1INCH44.dir/D_/pico-env/pico-sdk/src/rp2_common/hardware_irq/irq.c.obj
                0x10001b5c                irq_is_enabled
 .text.irq_set_mask_enabled
                0x10001b74       0x20 CMakeFiles/LCD_1INCH44.dir/D_/pico-env/pico-sdk/src/rp2_common/hardware_irq/irq.c.obj
                0x10001b74                irq_set_mask_enabled
 .text.irq_set_enabled
                0x10001b94        0xe CMakeFiles/LCD_1INCH44.dir/D_/pico-env/pico-sdk/src/rp2_common/hardware_irq/irq.c.obj
                0x10001b94                irq_set_enabled
 *fill*         0x10001ba2        0x2 
 .text.irq_set_pending
                0x10001ba4       0x10 CMakeFiles/LCD_1INCH44.dir/D_/pico-env/pico-sdk/src/rp2_common/hardware_irq/irq.c.obj
                0x10001ba4                irq_set_pending
 .text.irq_get_vtable_handler
                0x10001bb4       0x10 CMakeFiles/LCD_1INCH44.dir/D_/pico-env/pico-sdk/src/rp2_common/hardware_irq/irq.c.obj
                0x10001bb4                irq_get_vtable_handler
 .text.irq_has_shared_handler
                0x10001bc4       0x24 CMakeFiles/LCD_1INCH44.dir/D_/pico-env/pico-sdk/src/rp2_common/hardware_irq/irq.c.obj
                0x10001bc4                irq_has_shared_handler
 .text.irq_set_exclusive_handler
                0x10001be8       0x54 CMakeFiles/LCD_1INCH44.dir/D_/pico-env/pico-sdk/src/rp2_common/hardware_irq/irq.c.obj
                0x10001be8                irq_set_exclusive_handler
 .text.irq_add_shared_handler
                0x10001c3c      0x230 CMakeFiles/LCD_1INCH44.dir/D_/pico-env/pico-sdk/src/rp2_common/hardware_irq/irq.c.obj
                0x10001c3c                irq_add_shared_handler
 .text.irq_remove_handler
                0x10001e6c      0x1a8 CMakeFiles/LCD_1INCH44.dir/D_/pico-env/pico-sdk/src/rp2_common/hardware_irq/irq.c.obj
                0x10001e6c                irq_remove_handler
 .text.irq_add_tail_to_free_list
                0x10002014       0xf0 CMakeFiles/LCD_1INCH44.dir/D_/pico-env/pico-sdk/src/rp2_common/hardware_irq/irq.c.obj
                0x10002014                irq_add_tail_to_free_list
 .text.irq_init_priorities
                0x10002104       0x1c CMakeFiles/LCD_1INCH44.dir/D_/pico-env/pico-sdk/src/rp2_common/hardware_irq/irq.c.obj
                0x10002104                irq_init_priorities
 .text.user_irq_claim_unused
                0x10002120       0x30 CMakeFiles/LCD_1INCH44.dir/D_/pico-env/pico-sdk/src/rp2_common/hardware_irq/irq.c.obj
                0x10002120                user_irq_claim_unused
 .text.lock_init
                0x10002150       0x10 CMakeFiles/LCD_1INCH44.dir/D_/pico-env/pico-sdk/src/common/pico_sync/lock_core.c.obj
                0x10002150                lock_init
 .text.alarm_pool_post_alloc_init
                0x10002160       0x40 CMakeFiles/LCD_1INCH44.dir/D_/pico-env/pico-sdk/src/common/pico_time/time.c.obj
 .text.sleep_until_callback
                0x100021a0       0x30 CMakeFiles/LCD_1INCH44.dir/D_/pico-env/pico-sdk/src/common/pico_time/time.c.obj
 .text.timer_pool_entry_comparator
                0x100021d0       0x7c CMakeFiles/LCD_1INCH44.dir/D_/pico-env/pico-sdk/src/common/pico_time/time.c.obj
                0x100021d0                timer_pool_entry_comparator
 .text.ph_add_child_node
                0x1000224c       0xa4 CMakeFiles/LCD_1INCH44.dir/D_/pico-env/pico-sdk/src/common/pico_time/time.c.obj
 .text.ph_merge_nodes
                0x100022f0       0x3e CMakeFiles/LCD_1INCH44.dir/D_/pico-env/pico-sdk/src/common/pico_time/time.c.obj
 *fill*         0x1000232e        0x2 
 .text.add_alarm_under_lock
                0x10002330      0x174 CMakeFiles/LCD_1INCH44.dir/D_/pico-env/pico-sdk/src/common/pico_time/time.c.obj
 .text.alarm_pool_alarm_callback
                0x100024a4      0x32c CMakeFiles/LCD_1INCH44.dir/D_/pico-env/pico-sdk/src/common/pico_time/time.c.obj
 .text.alarm_pool_init_default
                0x100027d0       0x38 CMakeFiles/LCD_1INCH44.dir/D_/pico-env/pico-sdk/src/common/pico_time/time.c.obj
                0x100027d0                alarm_pool_init_default
 .text.alarm_pool_get_default
                0x10002808       0x2c CMakeFiles/LCD_1INCH44.dir/D_/pico-env/pico-sdk/src/common/pico_time/time.c.obj
                0x10002808                alarm_pool_get_default
 .text.alarm_pool_add_alarm_at
                0x10002834      0x170 CMakeFiles/LCD_1INCH44.dir/D_/pico-env/pico-sdk/src/common/pico_time/time.c.obj
                0x10002834                alarm_pool_add_alarm_at
 .text.alarm_pool_cancel_alarm
                0x100029a4       0xf0 CMakeFiles/LCD_1INCH44.dir/D_/pico-env/pico-sdk/src/common/pico_time/time.c.obj
                0x100029a4                alarm_pool_cancel_alarm
 .text.sleep_until
                0x10002a94       0xfc CMakeFiles/LCD_1INCH44.dir/D_/pico-env/pico-sdk/src/common/pico_time/time.c.obj
                0x10002a94                sleep_until
 .text.sleep_us
                0x10002b90       0x58 CMakeFiles/LCD_1INCH44.dir/D_/pico-env/pico-sdk/src/common/pico_time/time.c.obj
                0x10002b90                sleep_us
 .text.sleep_ms
                0x10002be8       0x14 CMakeFiles/LCD_1INCH44.dir/D_/pico-env/pico-sdk/src/common/pico_time/time.c.obj
                0x10002be8                sleep_ms
 .text.best_effort_wfe_or_timeout
                0x10002bfc       0x80 CMakeFiles/LCD_1INCH44.dir/D_/pico-env/pico-sdk/src/common/pico_time/time.c.obj
                0x10002bfc                best_effort_wfe_or_timeout
 .text.hardware_alarm_irq_handler
                0x10002c7c       0x8c CMakeFiles/LCD_1INCH44.dir/D_/pico-env/pico-sdk/src/rp2_common/hardware_timer/timer.c.obj
 .text.hardware_alarm_claim
                0x10002d08       0x18 CMakeFiles/LCD_1INCH44.dir/D_/pico-env/pico-sdk/src/rp2_common/hardware_timer/timer.c.obj
                0x10002d08                hardware_alarm_claim
 .text.time_us_64
                0x10002d20       0x18 CMakeFiles/LCD_1INCH44.dir/D_/pico-env/pico-sdk/src/rp2_common/hardware_timer/timer.c.obj
                0x10002d20                time_us_64
 .text.busy_wait_until
                0x10002d38       0x24 CMakeFiles/LCD_1INCH44.dir/D_/pico-env/pico-sdk/src/rp2_common/hardware_timer/timer.c.obj
                0x10002d38                busy_wait_until
 .text.hardware_alarm_set_callback
                0x10002d5c       0x90 CMakeFiles/LCD_1INCH44.dir/D_/pico-env/pico-sdk/src/rp2_common/hardware_timer/timer.c.obj
                0x10002d5c                hardware_alarm_set_callback
 .text.hardware_alarm_set_target
                0x10002dec       0xe8 CMakeFiles/LCD_1INCH44.dir/D_/pico-env/pico-sdk/src/rp2_common/hardware_timer/timer.c.obj
                0x10002dec                hardware_alarm_set_target
 .text.hardware_alarm_cancel
                0x10002ed4       0x40 CMakeFiles/LCD_1INCH44.dir/D_/pico-env/pico-sdk/src/rp2_common/hardware_timer/timer.c.obj
                0x10002ed4                hardware_alarm_cancel
 .text.ph_add_child_node
                0x10002f14       0xa4 CMakeFiles/LCD_1INCH44.dir/D_/pico-env/pico-sdk/src/common/pico_util/pheap.c.obj
 .text.ph_merge_nodes
                0x10002fb8       0x3e CMakeFiles/LCD_1INCH44.dir/D_/pico-env/pico-sdk/src/common/pico_util/pheap.c.obj
 *fill*         0x10002ff6        0x2 
 .text.ph_clear
                0x10002ff8       0x70 CMakeFiles/LCD_1INCH44.dir/D_/pico-env/pico-sdk/src/common/pico_util/pheap.c.obj
                0x10002ff8                ph_clear
 .text.ph_post_alloc_init
                0x10003068        0xe CMakeFiles/LCD_1INCH44.dir/D_/pico-env/pico-sdk/src/common/pico_util/pheap.c.obj
                0x10003068                ph_post_alloc_init
 *fill*         0x10003076        0x2 
 .text.ph_merge_two_pass
                0x10003078       0xa8 CMakeFiles/LCD_1INCH44.dir/D_/pico-env/pico-sdk/src/common/pico_util/pheap.c.obj
                0x10003078                ph_merge_two_pass
 .text.ph_remove_any_head
                0x10003120      0x108 CMakeFiles/LCD_1INCH44.dir/D_/pico-env/pico-sdk/src/common/pico_util/pheap.c.obj
 .text.ph_remove_head
                0x10003228       0x14 CMakeFiles/LCD_1INCH44.dir/D_/pico-env/pico-sdk/src/common/pico_util/pheap.c.obj
                0x10003228                ph_remove_head
 .text.ph_remove_and_free_node
                0x1000323c       0xf8 CMakeFiles/LCD_1INCH44.dir/D_/pico-env/pico-sdk/src/common/pico_util/pheap.c.obj
                0x1000323c                ph_remove_and_free_node
 .text.mutex_init
                0x10003334       0x1a CMakeFiles/LCD_1INCH44.dir/D_/pico-env/pico-sdk/src/common/pico_sync/mutex.c.obj
                0x10003334                mutex_init
 .text.recursive_mutex_init
                0x1000334e       0x1e CMakeFiles/LCD_1INCH44.dir/D_/pico-env/pico-sdk/src/common/pico_sync/mutex.c.obj
                0x1000334e                recursive_mutex_init
 .text.critical_section_init_with_lock_num
                0x1000336c       0x14 CMakeFiles/LCD_1INCH44.dir/D_/pico-env/pico-sdk/src/common/pico_sync/critical_section.c.obj
                0x1000336c                critical_section_init_with_lock_num
 .text.critical_section_init
                0x10003380       0x14 CMakeFiles/LCD_1INCH44.dir/D_/pico-env/pico-sdk/src/common/pico_sync/critical_section.c.obj
                0x10003380                critical_section_init
 .text._exit    0x10003394        0x4 CMakeFiles/LCD_1INCH44.dir/D_/pico-env/pico-sdk/src/rp2_common/pico_runtime/runtime.c.obj
                0x10003394                _exit
 .text.exit     0x10003398        0x6 CMakeFiles/LCD_1INCH44.dir/D_/pico-env/pico-sdk/src/rp2_common/pico_runtime/runtime.c.obj
                0x10003398                exit
 *fill*         0x1000339e        0x2 
 .text.__assert_func
                0x100033a0       0x3c CMakeFiles/LCD_1INCH44.dir/D_/pico-env/pico-sdk/src/rp2_common/pico_runtime/runtime.c.obj
                0x100033a0                __assert_func
 .text.runtime_init
                0x100033dc       0xf8 CMakeFiles/LCD_1INCH44.dir/D_/pico-env/pico-sdk/src/rp2_common/pico_runtime/runtime.c.obj
                0x100033dc                runtime_init
 .text.panic    0x100034d4       0x30 CMakeFiles/LCD_1INCH44.dir/D_/pico-env/pico-sdk/src/rp2_common/pico_runtime/runtime.c.obj
                0x100034d4                panic
 .text.clock_configure
                0x10003504      0x104 CMakeFiles/LCD_1INCH44.dir/D_/pico-env/pico-sdk/src/rp2_common/hardware_clocks/clocks.c.obj
                0x10003504                clock_configure
 .text.clocks_init
                0x10003608      0x100 CMakeFiles/LCD_1INCH44.dir/D_/pico-env/pico-sdk/src/rp2_common/hardware_clocks/clocks.c.obj
                0x10003608                clocks_init
 .text.clock_get_hz
                0x10003708        0xc CMakeFiles/LCD_1INCH44.dir/D_/pico-env/pico-sdk/src/rp2_common/hardware_clocks/clocks.c.obj
                0x10003708                clock_get_hz
 .text.pll_init
                0x10003714      0x140 CMakeFiles/LCD_1INCH44.dir/D_/pico-env/pico-sdk/src/rp2_common/hardware_pll/pll.c.obj
                0x10003714                pll_init
 .text.watchdog_start_tick
                0x10003854       0x10 CMakeFiles/LCD_1INCH44.dir/D_/pico-env/pico-sdk/src/rp2_common/hardware_watchdog/watchdog.c.obj
                0x10003854                watchdog_start_tick
 .text.watchdog_update
                0x10003864       0x14 CMakeFiles/LCD_1INCH44.dir/D_/pico-env/pico-sdk/src/rp2_common/hardware_watchdog/watchdog.c.obj
                0x10003864                watchdog_update
 .text._watchdog_enable
                0x10003878       0x78 CMakeFiles/LCD_1INCH44.dir/D_/pico-env/pico-sdk/src/rp2_common/hardware_watchdog/watchdog.c.obj
                0x10003878                _watchdog_enable
 .text.watchdog_reboot
                0x100038f0       0x48 CMakeFiles/LCD_1INCH44.dir/D_/pico-env/pico-sdk/src/rp2_common/hardware_watchdog/watchdog.c.obj
                0x100038f0                watchdog_reboot
 .text.xosc_init
                0x10003938       0x28 CMakeFiles/LCD_1INCH44.dir/D_/pico-env/pico-sdk/src/rp2_common/hardware_xosc/xosc.c.obj
                0x10003938                xosc_init
 .text._out_null
                0x10003960        0x2 CMakeFiles/LCD_1INCH44.dir/D_/pico-env/pico-sdk/src/rp2_common/pico_printf/printf.c.obj
 .text._out_fct
                0x10003962        0xe CMakeFiles/LCD_1INCH44.dir/D_/pico-env/pico-sdk/src/rp2_common/pico_printf/printf.c.obj
 .text._atoi    0x10003970       0x24 CMakeFiles/LCD_1INCH44.dir/D_/pico-env/pico-sdk/src/rp2_common/pico_printf/printf.c.obj
 .text._out_rev
                0x10003994       0xae CMakeFiles/LCD_1INCH44.dir/D_/pico-env/pico-sdk/src/rp2_common/pico_printf/printf.c.obj
 .text._ntoa_format
                0x10003a42      0x110 CMakeFiles/LCD_1INCH44.dir/D_/pico-env/pico-sdk/src/rp2_common/pico_printf/printf.c.obj
 .text._ntoa_long
                0x10003b52       0xbc CMakeFiles/LCD_1INCH44.dir/D_/pico-env/pico-sdk/src/rp2_common/pico_printf/printf.c.obj
 .text._ntoa_long_long
                0x10003c0e       0xe2 CMakeFiles/LCD_1INCH44.dir/D_/pico-env/pico-sdk/src/rp2_common/pico_printf/printf.c.obj
 .text._etoa    0x10003cf0      0x40c CMakeFiles/LCD_1INCH44.dir/D_/pico-env/pico-sdk/src/rp2_common/pico_printf/printf.c.obj
 .text._ftoa    0x100040fc      0x354 CMakeFiles/LCD_1INCH44.dir/D_/pico-env/pico-sdk/src/rp2_common/pico_printf/printf.c.obj
 .text._vsnprintf
                0x10004450      0x628 CMakeFiles/LCD_1INCH44.dir/D_/pico-env/pico-sdk/src/rp2_common/pico_printf/printf.c.obj
 .text.vfctprintf
                0x10004a78       0x20 CMakeFiles/LCD_1INCH44.dir/D_/pico-env/pico-sdk/src/rp2_common/pico_printf/printf.c.obj
                0x10004a78                vfctprintf
 .text          0x10004a98       0x10 CMakeFiles/LCD_1INCH44.dir/D_/pico-env/pico-sdk/src/rp2_common/pico_bit_ops/bit_ops_aeabi.S.obj
 .text.rom_func_lookup
                0x10004aa8       0x10 CMakeFiles/LCD_1INCH44.dir/D_/pico-env/pico-sdk/src/rp2_common/pico_bootrom/bootrom.c.obj
                0x10004aa8                rom_func_lookup
 .text.rom_data_lookup
                0x10004ab8       0x10 CMakeFiles/LCD_1INCH44.dir/D_/pico-env/pico-sdk/src/rp2_common/pico_bootrom/bootrom.c.obj
                0x10004ab8                rom_data_lookup
 .text.rom_funcs_lookup
                0x10004ac8       0x36 CMakeFiles/LCD_1INCH44.dir/D_/pico-env/pico-sdk/src/rp2_common/pico_bootrom/bootrom.c.obj
                0x10004ac8                rom_funcs_lookup
 *fill*         0x10004afe        0x2 
 .text.__wrap___aeabi_idiv
                0x10004b00       0x50 CMakeFiles/LCD_1INCH44.dir/D_/pico-env/pico-sdk/src/rp2_common/pico_divider/divider.S.obj
                0x10004b00                __wrap___aeabi_idivmod
                0x10004b00                divmod_s32s32
                0x10004b00                div_s32s32
                0x10004b00                __wrap___aeabi_idiv
                0x10004b08                divmod_s32s32_unsafe
                0x10004b34                divmod_s32s32_savestate
 .text.__wrap___aeabi_uidiv
                0x10004b50       0x4c CMakeFiles/LCD_1INCH44.dir/D_/pico-env/pico-sdk/src/rp2_common/pico_divider/divider.S.obj
                0x10004b50                __wrap___aeabi_uidiv
                0x10004b50                __wrap___aeabi_uidivmod
                0x10004b50                div_u32u32
                0x10004b50                divmod_u32u32
                0x10004b58                divmod_u32u32_unsafe
                0x10004b80                divmod_u32u32_savestate
 .text.__wrap___aeabi_ldiv
                0x10004b9c      0x434 CMakeFiles/LCD_1INCH44.dir/D_/pico-env/pico-sdk/src/rp2_common/pico_divider/divider.S.obj
                0x10004b9c                div_s64s64
                0x10004b9c                divmod_s64s64
                0x10004b9c                __wrap___aeabi_ldivmod
                0x10004bd4                divmod_u64u64
                0x10004bd4                div_u64u64
                0x10004bd4                __wrap___aeabi_uldivmod
                0x10004be4                divmod_u64u64_savestate
                0x10004c0c                divmod_s64s64_unsafe
                0x10004c94                divmod_u64u64_unsafe
 .text.__wrap___aeabi_darithmetic
                0x10004fd0       0x80 CMakeFiles/LCD_1INCH44.dir/D_/pico-env/pico-sdk/src/rp2_common/pico_double/double_aeabi.S.obj
                0x10004fd0                __wrap___aeabi_drsub
                0x10004fd6                __wrap___aeabi_dsub
                0x10004fe8                __wrap___aeabi_dadd
                0x10004ffa                __wrap___aeabi_ddiv
                0x10005036                __wrap___aeabi_dmul
 .text.__wrap___aeabi_cdcmple
                0x10005050       0x6c CMakeFiles/LCD_1INCH44.dir/D_/pico-env/pico-sdk/src/rp2_common/pico_double/double_aeabi.S.obj
                0x10005050                __wrap___aeabi_cdrcmple
                0x10005060                __wrap___aeabi_cdcmpeq
                0x10005060                __wrap___aeabi_cdcmple
 .text.__wrap___aeabi_dcmplt
                0x100050bc        0xc CMakeFiles/LCD_1INCH44.dir/D_/pico-env/pico-sdk/src/rp2_common/pico_double/double_aeabi.S.obj
                0x100050bc                __wrap___aeabi_dcmplt
 .text.__wrap___aeabi_dcmple
                0x100050c8       0x10 CMakeFiles/LCD_1INCH44.dir/D_/pico-env/pico-sdk/src/rp2_common/pico_double/double_aeabi.S.obj
                0x100050c8                __wrap___aeabi_dcmple
 .text.__wrap___aeabi_dcmpge
                0x100050d8       0x10 CMakeFiles/LCD_1INCH44.dir/D_/pico-env/pico-sdk/src/rp2_common/pico_double/double_aeabi.S.obj
                0x100050d8                __wrap___aeabi_dcmpge
 .text.__wrap___aeabi_dcmpgt
                0x100050e8        0xa CMakeFiles/LCD_1INCH44.dir/D_/pico-env/pico-sdk/src/rp2_common/pico_double/double_aeabi.S.obj
                0x100050e8                __wrap___aeabi_dcmpgt
 .text.__wrap___aeabi_dcmpun
                0x100050f2       0x1c CMakeFiles/LCD_1INCH44.dir/D_/pico-env/pico-sdk/src/rp2_common/pico_double/double_aeabi.S.obj
                0x100050f2                __wrap___aeabi_dcmpun
 *fill*         0x1000510e        0x2 
 .text.__wrap___aeabi_i2d
                0x10005110       0x38 CMakeFiles/LCD_1INCH44.dir/D_/pico-env/pico-sdk/src/rp2_common/pico_double/double_aeabi.S.obj
                0x10005110                __wrap___aeabi_ui2d
                0x10005118                __wrap___aeabi_i2d
 .text.__wrap___aeabi_d2iz
                0x10005148       0x48 CMakeFiles/LCD_1INCH44.dir/D_/pico-env/pico-sdk/src/rp2_common/pico_double/double_aeabi.S.obj
                0x10005148                double2int_z
                0x10005148                __wrap___aeabi_d2iz
 .text.__wrap___aeabi_d2uiz
                0x10005190       0x18 CMakeFiles/LCD_1INCH44.dir/D_/pico-env/pico-sdk/src/rp2_common/pico_double/double_aeabi.S.obj
                0x10005190                __wrap___aeabi_d2uiz
                0x10005190                double2uint
 .text.__aeabi_double_init
                0x100051a8       0xc8 CMakeFiles/LCD_1INCH44.dir/D_/pico-env/pico-sdk/src/rp2_common/pico_double/double_init_rom.c.obj
                0x100051a8                __aeabi_double_init
 .text.double_table_shim_on_use_helper
                0x10005270       0x34 CMakeFiles/LCD_1INCH44.dir/D_/pico-env/pico-sdk/src/rp2_common/pico_double/double_v1_rom_shim.S.obj
                0x10005270                double_table_shim_on_use_helper
 .text.__wrap___aeabi_dsub
                0x100052a4       0x10 CMakeFiles/LCD_1INCH44.dir/D_/pico-env/pico-sdk/src/rp2_common/pico_double/double_v1_rom_shim.S.obj
                0x100052a4                drsub_shim
                0x100052aa                dsub_shim
 .text.dadd_shim
                0x100052b4      0x15c CMakeFiles/LCD_1INCH44.dir/D_/pico-env/pico-sdk/src/rp2_common/pico_double/double_v1_rom_shim.S.obj
                0x100052b4                dadd_shim
 .text.dmul_shim
                0x10005410      0x15c CMakeFiles/LCD_1INCH44.dir/D_/pico-env/pico-sdk/src/rp2_common/pico_double/double_v1_rom_shim.S.obj
                0x10005410                dmul_shim
 .text.ddiv_shim
                0x1000556c      0x1b0 CMakeFiles/LCD_1INCH44.dir/D_/pico-env/pico-sdk/src/rp2_common/pico_double/double_v1_rom_shim.S.obj
                0x1000556c                ddiv_shim
 .text.double2uint_shim
                0x1000571c        0xe CMakeFiles/LCD_1INCH44.dir/D_/pico-env/pico-sdk/src/rp2_common/pico_double/double_v1_rom_shim.S.obj
                0x1000571c                double2uint_shim
                0x1000571e                double2ufix_shim
 *fill*         0x1000572a        0x2 
 .text.double2uint64_shim
                0x1000572c       0x70 CMakeFiles/LCD_1INCH44.dir/D_/pico-env/pico-sdk/src/rp2_common/pico_double/double_v1_rom_shim.S.obj
                0x1000572c                double2uint64_shim
                0x1000572e                double2ufix64_shim
                0x1000574e                d2fix_a
 .text.dunpacks
                0x1000579c       0x3c CMakeFiles/LCD_1INCH44.dir/D_/pico-env/pico-sdk/src/rp2_common/pico_double/double_v1_rom_shim.S.obj
                0x1000579c                dunpacks
 .text.__aeabi_lmul
                0x100057d8       0x32 CMakeFiles/LCD_1INCH44.dir/D_/pico-env/pico-sdk/src/rp2_common/pico_int64_ops/pico_int64_ops_aeabi.S.obj
                0x100057d8                __wrap___aeabi_lmul
 *fill*         0x1000580a        0x2 
 .text.__aeabi_float_init
                0x1000580c       0xfc CMakeFiles/LCD_1INCH44.dir/D_/pico-env/pico-sdk/src/rp2_common/pico_float/float_init_rom.c.obj
                0x1000580c                __aeabi_float_init
 .text.float_table_shim_on_use_helper
                0x10005908       0x34 CMakeFiles/LCD_1INCH44.dir/D_/pico-env/pico-sdk/src/rp2_common/pico_float/float_v1_rom_shim.S.obj
                0x10005908                float_table_shim_on_use_helper
 .text          0x1000593c       0x10 CMakeFiles/LCD_1INCH44.dir/D_/pico-env/pico-sdk/src/rp2_common/pico_mem_ops/mem_ops_aeabi.S.obj
                0x1000593c                __aeabi_mem_init
 .text.memset   0x1000594c        0xc CMakeFiles/LCD_1INCH44.dir/D_/pico-env/pico-sdk/src/rp2_common/pico_mem_ops/mem_ops_aeabi.S.obj
                0x1000594c                __wrap_memset
 .text.memcpy   0x10005958        0xc CMakeFiles/LCD_1INCH44.dir/D_/pico-env/pico-sdk/src/rp2_common/pico_mem_ops/mem_ops_aeabi.S.obj
                0x10005958                __wrap_memcpy
                0x10005958                __wrap___aeabi_memcpy
 .text.stdio_out_chars_no_crlf
                0x10005964        0xe CMakeFiles/LCD_1INCH44.dir/D_/pico-env/pico-sdk/src/rp2_common/pico_stdio/stdio.c.obj
 *fill*         0x10005972        0x2 
 .text.stdio_out_chars_crlf
                0x10005974       0x80 CMakeFiles/LCD_1INCH44.dir/D_/pico-env/pico-sdk/src/rp2_common/pico_stdio/stdio.c.obj
 .text.stdio_stack_buffer_flush
                0x100059f4       0x44 CMakeFiles/LCD_1INCH44.dir/D_/pico-env/pico-sdk/src/rp2_common/pico_stdio/stdio.c.obj
 .text.stdio_buffered_printer
                0x10005a38       0x20 CMakeFiles/LCD_1INCH44.dir/D_/pico-env/pico-sdk/src/rp2_common/pico_stdio/stdio.c.obj
 .text.stdout_serialize_begin
                0x10005a58       0x30 CMakeFiles/LCD_1INCH44.dir/D_/pico-env/pico-sdk/src/rp2_common/pico_stdio/stdio.c.obj
                0x10005a58                stdout_serialize_begin
 .text.stdout_serialize_end
                0x10005a88       0x10 CMakeFiles/LCD_1INCH44.dir/D_/pico-env/pico-sdk/src/rp2_common/pico_stdio/stdio.c.obj
                0x10005a88                stdout_serialize_end
 .text.stdio_put_string
                0x10005a98       0x98 CMakeFiles/LCD_1INCH44.dir/D_/pico-env/pico-sdk/src/rp2_common/pico_stdio/stdio.c.obj
 .text.stdio_set_driver_enabled
                0x10005b30       0x2c CMakeFiles/LCD_1INCH44.dir/D_/pico-env/pico-sdk/src/rp2_common/pico_stdio/stdio.c.obj
                0x10005b30                stdio_set_driver_enabled
 .text.stdio_flush
                0x10005b5c       0x20 CMakeFiles/LCD_1INCH44.dir/D_/pico-env/pico-sdk/src/rp2_common/pico_stdio/stdio.c.obj
                0x10005b5c                stdio_flush
 .text.__wrap_puts
                0x10005b7c       0x1e CMakeFiles/LCD_1INCH44.dir/D_/pico-env/pico-sdk/src/rp2_common/pico_stdio/stdio.c.obj
                0x10005b7c                __wrap_puts
 *fill*         0x10005b9a        0x2 
 .text.__wrap_vprintf
                0x10005b9c       0x44 CMakeFiles/LCD_1INCH44.dir/D_/pico-env/pico-sdk/src/rp2_common/pico_stdio/stdio.c.obj
                0x10005b9c                __wrap_vprintf
 .text.__wrap_printf
                0x10005be0       0x18 CMakeFiles/LCD_1INCH44.dir/D_/pico-env/pico-sdk/src/rp2_common/pico_stdio/stdio.c.obj
                0x10005be0                __wrap_printf
 .text.stdio_init_all
                0x10005bf8        0x8 CMakeFiles/LCD_1INCH44.dir/D_/pico-env/pico-sdk/src/rp2_common/pico_stdio/stdio.c.obj
                0x10005bf8                stdio_init_all
 .text.resetd_init
                0x10005c00        0x2 CMakeFiles/LCD_1INCH44.dir/D_/pico-env/pico-sdk/src/rp2_common/pico_stdio_usb/reset_interface.c.obj
 *fill*         0x10005c02        0x2 
 .text.resetd_reset
                0x10005c04        0xc CMakeFiles/LCD_1INCH44.dir/D_/pico-env/pico-sdk/src/rp2_common/pico_stdio_usb/reset_interface.c.obj
 .text.resetd_open
                0x10005c10       0x34 CMakeFiles/LCD_1INCH44.dir/D_/pico-env/pico-sdk/src/rp2_common/pico_stdio_usb/reset_interface.c.obj
 .text.resetd_xfer_cb
                0x10005c44        0x4 CMakeFiles/LCD_1INCH44.dir/D_/pico-env/pico-sdk/src/rp2_common/pico_stdio_usb/reset_interface.c.obj
 .text.resetd_control_xfer_cb
                0x10005c48       0x6c CMakeFiles/LCD_1INCH44.dir/D_/pico-env/pico-sdk/src/rp2_common/pico_stdio_usb/reset_interface.c.obj
 .text.usbd_app_driver_get_cb
                0x10005cb4        0xc CMakeFiles/LCD_1INCH44.dir/D_/pico-env/pico-sdk/src/rp2_common/pico_stdio_usb/reset_interface.c.obj
                0x10005cb4                usbd_app_driver_get_cb
 .text.tud_cdc_line_coding_cb
                0x10005cc0       0x34 CMakeFiles/LCD_1INCH44.dir/D_/pico-env/pico-sdk/src/rp2_common/pico_stdio_usb/reset_interface.c.obj
                0x10005cc0                tud_cdc_line_coding_cb
 .text.stdio_usb_in_chars
                0x10005cf4       0x70 CMakeFiles/LCD_1INCH44.dir/D_/pico-env/pico-sdk/src/rp2_common/pico_stdio_usb/stdio_usb.c.obj
                0x10005cf4                stdio_usb_in_chars
 .text.low_priority_worker_irq
                0x10005d64       0x20 CMakeFiles/LCD_1INCH44.dir/D_/pico-env/pico-sdk/src/rp2_common/pico_stdio_usb/stdio_usb.c.obj
 .text.stdio_usb_out_chars
                0x10005d84       0xd4 CMakeFiles/LCD_1INCH44.dir/D_/pico-env/pico-sdk/src/rp2_common/pico_stdio_usb/stdio_usb.c.obj
 .text.timer_task
                0x10005e58       0x40 CMakeFiles/LCD_1INCH44.dir/D_/pico-env/pico-sdk/src/rp2_common/pico_stdio_usb/stdio_usb.c.obj
 .text.usb_irq  0x10005e98       0x10 CMakeFiles/LCD_1INCH44.dir/D_/pico-env/pico-sdk/src/rp2_common/pico_stdio_usb/stdio_usb.c.obj
 .text.stdio_usb_init
                0x10005ea8       0xec CMakeFiles/LCD_1INCH44.dir/D_/pico-env/pico-sdk/src/rp2_common/pico_stdio_usb/stdio_usb.c.obj
                0x10005ea8                stdio_usb_init
 .text.tud_descriptor_device_cb
                0x10005f94        0x8 CMakeFiles/LCD_1INCH44.dir/D_/pico-env/pico-sdk/src/rp2_common/pico_stdio_usb/stdio_usb_descriptors.c.obj
                0x10005f94                tud_descriptor_device_cb
 .text.tud_descriptor_configuration_cb
                0x10005f9c        0x8 CMakeFiles/LCD_1INCH44.dir/D_/pico-env/pico-sdk/src/rp2_common/pico_stdio_usb/stdio_usb_descriptors.c.obj
                0x10005f9c                tud_descriptor_configuration_cb
 .text.tud_descriptor_string_cb
                0x10005fa4       0x6c CMakeFiles/LCD_1INCH44.dir/D_/pico-env/pico-sdk/src/rp2_common/pico_stdio_usb/stdio_usb_descriptors.c.obj
                0x10005fa4                tud_descriptor_string_cb
 .text.hw_endpoint_get_by_addr
                0x10006010       0x18 CMakeFiles/LCD_1INCH44.dir/D_/pico-env/pico-sdk/lib/tinyusb/src/portable/raspberrypi/rp2040/dcd_rp2040.c.obj
 .text.reset_ep0_pid
                0x10006028       0x28 CMakeFiles/LCD_1INCH44.dir/D_/pico-env/pico-sdk/lib/tinyusb/src/portable/raspberrypi/rp2040/dcd_rp2040.c.obj
 .text._hw_endpoint_alloc
                0x10006050       0x70 CMakeFiles/LCD_1INCH44.dir/D_/pico-env/pico-sdk/lib/tinyusb/src/portable/raspberrypi/rp2040/dcd_rp2040.c.obj
 .text.hw_endpoint_init
                0x100060c0       0x88 CMakeFiles/LCD_1INCH44.dir/D_/pico-env/pico-sdk/lib/tinyusb/src/portable/raspberrypi/rp2040/dcd_rp2040.c.obj
 .text.reset_non_control_endpoints
                0x10006148       0x40 CMakeFiles/LCD_1INCH44.dir/D_/pico-env/pico-sdk/lib/tinyusb/src/portable/raspberrypi/rp2040/dcd_rp2040.c.obj
 .text.hw_handle_buff_status
                0x10006188       0x8c CMakeFiles/LCD_1INCH44.dir/D_/pico-env/pico-sdk/lib/tinyusb/src/portable/raspberrypi/rp2040/dcd_rp2040.c.obj
 .text.dcd_rp2040_irq
                0x10006214       0xc0 CMakeFiles/LCD_1INCH44.dir/D_/pico-env/pico-sdk/lib/tinyusb/src/portable/raspberrypi/rp2040/dcd_rp2040.c.obj
 .text.hw_endpoint_xfer
                0x100062d4       0x14 CMakeFiles/LCD_1INCH44.dir/D_/pico-env/pico-sdk/lib/tinyusb/src/portable/raspberrypi/rp2040/dcd_rp2040.c.obj
 .text.dcd_int_enable
                0x100062e8       0x2c CMakeFiles/LCD_1INCH44.dir/D_/pico-env/pico-sdk/lib/tinyusb/src/portable/raspberrypi/rp2040/dcd_rp2040.c.obj
                0x100062e8                dcd_int_enable
 .text.dcd_set_address
                0x10006314       0x2c CMakeFiles/LCD_1INCH44.dir/D_/pico-env/pico-sdk/lib/tinyusb/src/portable/raspberrypi/rp2040/dcd_rp2040.c.obj
                0x10006314                dcd_set_address
 .text.dcd_connect
                0x10006340       0x10 CMakeFiles/LCD_1INCH44.dir/D_/pico-env/pico-sdk/lib/tinyusb/src/portable/raspberrypi/rp2040/dcd_rp2040.c.obj
                0x10006340                dcd_connect
 .text.dcd_init
                0x10006350       0x7c CMakeFiles/LCD_1INCH44.dir/D_/pico-env/pico-sdk/lib/tinyusb/src/portable/raspberrypi/rp2040/dcd_rp2040.c.obj
                0x10006350                dcd_init
 .text.dcd_edpt0_status_complete
                0x100063cc       0x1c CMakeFiles/LCD_1INCH44.dir/D_/pico-env/pico-sdk/lib/tinyusb/src/portable/raspberrypi/rp2040/dcd_rp2040.c.obj
                0x100063cc                dcd_edpt0_status_complete
 .text.dcd_edpt_open
                0x100063e8       0x40 CMakeFiles/LCD_1INCH44.dir/D_/pico-env/pico-sdk/lib/tinyusb/src/portable/raspberrypi/rp2040/dcd_rp2040.c.obj
                0x100063e8                dcd_edpt_open
 .text.dcd_edpt_close_all
                0x10006428        0x8 CMakeFiles/LCD_1INCH44.dir/D_/pico-env/pico-sdk/lib/tinyusb/src/portable/raspberrypi/rp2040/dcd_rp2040.c.obj
                0x10006428                dcd_edpt_close_all
 .text.dcd_edpt_xfer
                0x10006430       0x30 CMakeFiles/LCD_1INCH44.dir/D_/pico-env/pico-sdk/lib/tinyusb/src/portable/raspberrypi/rp2040/dcd_rp2040.c.obj
                0x10006430                dcd_edpt_xfer
 .text.dcd_edpt_stall
                0x10006460       0x2c CMakeFiles/LCD_1INCH44.dir/D_/pico-env/pico-sdk/lib/tinyusb/src/portable/raspberrypi/rp2040/dcd_rp2040.c.obj
                0x10006460                dcd_edpt_stall
 .text.dcd_edpt_clear_stall
                0x1000648c       0x20 CMakeFiles/LCD_1INCH44.dir/D_/pico-env/pico-sdk/lib/tinyusb/src/portable/raspberrypi/rp2040/dcd_rp2040.c.obj
                0x1000648c                dcd_edpt_clear_stall
 .text.prepare_ep_buffer
                0x100064ac       0x70 CMakeFiles/LCD_1INCH44.dir/D_/pico-env/pico-sdk/lib/tinyusb/src/portable/raspberrypi/rp2040/rp2040_usb.c.obj
 .text.sync_ep_buffer
                0x1000651c       0x7c CMakeFiles/LCD_1INCH44.dir/D_/pico-env/pico-sdk/lib/tinyusb/src/portable/raspberrypi/rp2040/rp2040_usb.c.obj
 .text._hw_endpoint_xfer_sync
                0x10006598       0x28 CMakeFiles/LCD_1INCH44.dir/D_/pico-env/pico-sdk/lib/tinyusb/src/portable/raspberrypi/rp2040/rp2040_usb.c.obj
 .text.rp2040_usb_init
                0x100065c0       0x4c CMakeFiles/LCD_1INCH44.dir/D_/pico-env/pico-sdk/lib/tinyusb/src/portable/raspberrypi/rp2040/rp2040_usb.c.obj
                0x100065c0                rp2040_usb_init
 .text.hw_endpoint_reset_transfer
                0x1000660c        0xc CMakeFiles/LCD_1INCH44.dir/D_/pico-env/pico-sdk/lib/tinyusb/src/portable/raspberrypi/rp2040/rp2040_usb.c.obj
                0x1000660c                hw_endpoint_reset_transfer
 .text._hw_endpoint_buffer_control_update32
                0x10006618       0x58 CMakeFiles/LCD_1INCH44.dir/D_/pico-env/pico-sdk/lib/tinyusb/src/portable/raspberrypi/rp2040/rp2040_usb.c.obj
                0x10006618                _hw_endpoint_buffer_control_update32
 .text._hw_endpoint_start_next_buffer
                0x10006670       0x74 CMakeFiles/LCD_1INCH44.dir/D_/pico-env/pico-sdk/lib/tinyusb/src/portable/raspberrypi/rp2040/rp2040_usb.c.obj
 .text.hw_endpoint_xfer_start
                0x100066e4       0x48 CMakeFiles/LCD_1INCH44.dir/D_/pico-env/pico-sdk/lib/tinyusb/src/portable/raspberrypi/rp2040/rp2040_usb.c.obj
                0x100066e4                hw_endpoint_xfer_start
 .text.hw_endpoint_xfer_continue
                0x1000672c       0x38 CMakeFiles/LCD_1INCH44.dir/D_/pico-env/pico-sdk/lib/tinyusb/src/portable/raspberrypi/rp2040/rp2040_usb.c.obj
                0x1000672c                hw_endpoint_xfer_continue
 .text.configuration_reset
                0x10006764       0x84 CMakeFiles/LCD_1INCH44.dir/D_/pico-env/pico-sdk/lib/tinyusb/src/device/usbd.c.obj
 .text.usbd_reset
                0x100067e8        0xc CMakeFiles/LCD_1INCH44.dir/D_/pico-env/pico-sdk/lib/tinyusb/src/device/usbd.c.obj
 .text.invoke_class_control
                0x100067f4       0x1a CMakeFiles/LCD_1INCH44.dir/D_/pico-env/pico-sdk/lib/tinyusb/src/device/usbd.c.obj
 *fill*         0x1000680e        0x2 
 .text.process_set_config
                0x10006810      0x1ac CMakeFiles/LCD_1INCH44.dir/D_/pico-env/pico-sdk/lib/tinyusb/src/device/usbd.c.obj
 .text.process_get_descriptor
                0x100069bc       0xec CMakeFiles/LCD_1INCH44.dir/D_/pico-env/pico-sdk/lib/tinyusb/src/device/usbd.c.obj
 .text.tud_mounted
                0x10006aa8       0x10 CMakeFiles/LCD_1INCH44.dir/D_/pico-env/pico-sdk/lib/tinyusb/src/device/usbd.c.obj
                0x10006aa8                tud_mounted
 .text.tud_suspended
                0x10006ab8       0x10 CMakeFiles/LCD_1INCH44.dir/D_/pico-env/pico-sdk/lib/tinyusb/src/device/usbd.c.obj
                0x10006ab8                tud_suspended
 .text.tud_inited
                0x10006ac8        0xc CMakeFiles/LCD_1INCH44.dir/D_/pico-env/pico-sdk/lib/tinyusb/src/device/usbd.c.obj
                0x10006ac8                tud_inited
 .text.tud_init
                0x10006ad4       0xcc CMakeFiles/LCD_1INCH44.dir/D_/pico-env/pico-sdk/lib/tinyusb/src/device/usbd.c.obj
                0x10006ad4                tud_init
 .text.dcd_event_handler
                0x10006ba0      0x1e0 CMakeFiles/LCD_1INCH44.dir/D_/pico-env/pico-sdk/lib/tinyusb/src/device/usbd.c.obj
                0x10006ba0                dcd_event_handler
 .text.dcd_event_bus_signal
                0x10006d80       0x26 CMakeFiles/LCD_1INCH44.dir/D_/pico-env/pico-sdk/lib/tinyusb/src/device/usbd.c.obj
                0x10006d80                dcd_event_bus_signal
 .text.dcd_event_bus_reset
                0x10006da6       0x2a CMakeFiles/LCD_1INCH44.dir/D_/pico-env/pico-sdk/lib/tinyusb/src/device/usbd.c.obj
                0x10006da6                dcd_event_bus_reset
 .text.dcd_event_setup_received
                0x10006dd0       0x34 CMakeFiles/LCD_1INCH44.dir/D_/pico-env/pico-sdk/lib/tinyusb/src/device/usbd.c.obj
                0x10006dd0                dcd_event_setup_received
 .text.dcd_event_xfer_complete
                0x10006e04       0x44 CMakeFiles/LCD_1INCH44.dir/D_/pico-env/pico-sdk/lib/tinyusb/src/device/usbd.c.obj
                0x10006e04                dcd_event_xfer_complete
 .text.usbd_edpt_open
                0x10006e48       0x58 CMakeFiles/LCD_1INCH44.dir/D_/pico-env/pico-sdk/lib/tinyusb/src/device/usbd.c.obj
                0x10006e48                usbd_edpt_open
 .text.usbd_open_edpt_pair
                0x10006ea0       0x8c CMakeFiles/LCD_1INCH44.dir/D_/pico-env/pico-sdk/lib/tinyusb/src/device/usbd.c.obj
                0x10006ea0                usbd_open_edpt_pair
 .text.usbd_edpt_claim
                0x10006f2c       0x8c CMakeFiles/LCD_1INCH44.dir/D_/pico-env/pico-sdk/lib/tinyusb/src/device/usbd.c.obj
                0x10006f2c                usbd_edpt_claim
 .text.usbd_edpt_release
                0x10006fb8       0x68 CMakeFiles/LCD_1INCH44.dir/D_/pico-env/pico-sdk/lib/tinyusb/src/device/usbd.c.obj
                0x10006fb8                usbd_edpt_release
 .text.usbd_edpt_xfer
                0x10007020       0x80 CMakeFiles/LCD_1INCH44.dir/D_/pico-env/pico-sdk/lib/tinyusb/src/device/usbd.c.obj
                0x10007020                usbd_edpt_xfer
 .text.usbd_edpt_stall
                0x100070a0       0x40 CMakeFiles/LCD_1INCH44.dir/D_/pico-env/pico-sdk/lib/tinyusb/src/device/usbd.c.obj
                0x100070a0                usbd_edpt_stall
 .text.usbd_edpt_clear_stall
                0x100070e0       0x40 CMakeFiles/LCD_1INCH44.dir/D_/pico-env/pico-sdk/lib/tinyusb/src/device/usbd.c.obj
                0x100070e0                usbd_edpt_clear_stall
 .text.usbd_edpt_stalled
                0x10007120       0x1c CMakeFiles/LCD_1INCH44.dir/D_/pico-env/pico-sdk/lib/tinyusb/src/device/usbd.c.obj
                0x10007120                usbd_edpt_stalled
 .text.process_control_request
                0x1000713c      0x3b8 CMakeFiles/LCD_1INCH44.dir/D_/pico-env/pico-sdk/lib/tinyusb/src/device/usbd.c.obj
 .text.tud_task
                0x100074f4      0x218 CMakeFiles/LCD_1INCH44.dir/D_/pico-env/pico-sdk/lib/tinyusb/src/device/usbd.c.obj
                0x100074f4                tud_task
 .text._data_stage_xact
                0x1000770c       0x58 CMakeFiles/LCD_1INCH44.dir/D_/pico-env/pico-sdk/lib/tinyusb/src/device/usbd_control.c.obj
 .text.tud_control_status
                0x10007764       0x38 CMakeFiles/LCD_1INCH44.dir/D_/pico-env/pico-sdk/lib/tinyusb/src/device/usbd_control.c.obj
                0x10007764                tud_control_status
 .text.tud_control_xfer
                0x1000779c       0xa8 CMakeFiles/LCD_1INCH44.dir/D_/pico-env/pico-sdk/lib/tinyusb/src/device/usbd_control.c.obj
                0x1000779c                tud_control_xfer
 .text.usbd_control_reset
                0x10007844       0x14 CMakeFiles/LCD_1INCH44.dir/D_/pico-env/pico-sdk/lib/tinyusb/src/device/usbd_control.c.obj
                0x10007844                usbd_control_reset
 .text.usbd_control_set_complete_callback
                0x10007858        0xc CMakeFiles/LCD_1INCH44.dir/D_/pico-env/pico-sdk/lib/tinyusb/src/device/usbd_control.c.obj
                0x10007858                usbd_control_set_complete_callback
 .text.usbd_control_set_request
                0x10007864       0x1c CMakeFiles/LCD_1INCH44.dir/D_/pico-env/pico-sdk/lib/tinyusb/src/device/usbd_control.c.obj
                0x10007864                usbd_control_set_request
 .text.usbd_control_xfer_cb
                0x10007880       0xfc CMakeFiles/LCD_1INCH44.dir/D_/pico-env/pico-sdk/lib/tinyusb/src/device/usbd_control.c.obj
                0x10007880                usbd_control_xfer_cb
 .text._prep_out_transaction
                0x1000797c       0x46 CMakeFiles/LCD_1INCH44.dir/D_/pico-env/pico-sdk/lib/tinyusb/src/class/cdc/cdc_device.c.obj
 *fill*         0x100079c2        0x2 
 .text.tud_cdc_n_connected
                0x100079c4       0x44 CMakeFiles/LCD_1INCH44.dir/D_/pico-env/pico-sdk/lib/tinyusb/src/class/cdc/cdc_device.c.obj
                0x100079c4                tud_cdc_n_connected
 .text.tud_cdc_n_available
                0x10007a08       0x18 CMakeFiles/LCD_1INCH44.dir/D_/pico-env/pico-sdk/lib/tinyusb/src/class/cdc/cdc_device.c.obj
                0x10007a08                tud_cdc_n_available
 .text.tud_cdc_n_read
                0x10007a20       0x28 CMakeFiles/LCD_1INCH44.dir/D_/pico-env/pico-sdk/lib/tinyusb/src/class/cdc/cdc_device.c.obj
                0x10007a20                tud_cdc_n_read
 .text.tud_cdc_n_write_flush
                0x10007a48       0xcc CMakeFiles/LCD_1INCH44.dir/D_/pico-env/pico-sdk/lib/tinyusb/src/class/cdc/cdc_device.c.obj
                0x10007a48                tud_cdc_n_write_flush
 .text.tud_cdc_n_write
                0x10007b14       0x38 CMakeFiles/LCD_1INCH44.dir/D_/pico-env/pico-sdk/lib/tinyusb/src/class/cdc/cdc_device.c.obj
                0x10007b14                tud_cdc_n_write
 .text.tud_cdc_n_write_available
                0x10007b4c       0x1c CMakeFiles/LCD_1INCH44.dir/D_/pico-env/pico-sdk/lib/tinyusb/src/class/cdc/cdc_device.c.obj
                0x10007b4c                tud_cdc_n_write_available
 .text.cdcd_init
                0x10007b68       0xbc CMakeFiles/LCD_1INCH44.dir/D_/pico-env/pico-sdk/lib/tinyusb/src/class/cdc/cdc_device.c.obj
                0x10007b68                cdcd_init
 .text.cdcd_reset
                0x10007c24       0x44 CMakeFiles/LCD_1INCH44.dir/D_/pico-env/pico-sdk/lib/tinyusb/src/class/cdc/cdc_device.c.obj
                0x10007c24                cdcd_reset
 .text.cdcd_open
                0x10007c68       0xf8 CMakeFiles/LCD_1INCH44.dir/D_/pico-env/pico-sdk/lib/tinyusb/src/class/cdc/cdc_device.c.obj
                0x10007c68                cdcd_open
 .text.cdcd_control_xfer_cb
                0x10007d60      0x134 CMakeFiles/LCD_1INCH44.dir/D_/pico-env/pico-sdk/lib/tinyusb/src/class/cdc/cdc_device.c.obj
                0x10007d60                cdcd_control_xfer_cb
 .text.cdcd_xfer_cb
                0x10007e94      0x144 CMakeFiles/LCD_1INCH44.dir/D_/pico-env/pico-sdk/lib/tinyusb/src/class/cdc/cdc_device.c.obj
                0x10007e94                cdcd_xfer_cb
 .text.tusb_init
                0x10007fd8       0x24 CMakeFiles/LCD_1INCH44.dir/D_/pico-env/pico-sdk/lib/tinyusb/src/tusb.c.obj
                0x10007fd8                tusb_init
 .text.tusb_inited
                0x10007ffc        0xe CMakeFiles/LCD_1INCH44.dir/D_/pico-env/pico-sdk/lib/tinyusb/src/tusb.c.obj
                0x10007ffc                tusb_inited
 *fill*         0x1000800a        0x2 
 .text.tu_edpt_validate
                0x1000800c       0xa8 CMakeFiles/LCD_1INCH44.dir/D_/pico-env/pico-sdk/lib/tinyusb/src/tusb.c.obj
                0x1000800c                tu_edpt_validate
 .text.tu_edpt_bind_driver
                0x100080b4       0x2a CMakeFiles/LCD_1INCH44.dir/D_/pico-env/pico-sdk/lib/tinyusb/src/tusb.c.obj
                0x100080b4                tu_edpt_bind_driver
 .text.advance_pointer
                0x100080de       0x18 CMakeFiles/LCD_1INCH44.dir/D_/pico-env/pico-sdk/lib/tinyusb/src/common/tusb_fifo.c.obj
 .text.backward_pointer
                0x100080f6       0x1e CMakeFiles/LCD_1INCH44.dir/D_/pico-env/pico-sdk/lib/tinyusb/src/common/tusb_fifo.c.obj
 .text.get_relative_pointer
                0x10008114       0x10 CMakeFiles/LCD_1INCH44.dir/D_/pico-env/pico-sdk/lib/tinyusb/src/common/tusb_fifo.c.obj
 .text._tu_fifo_peek
                0x10008124       0x50 CMakeFiles/LCD_1INCH44.dir/D_/pico-env/pico-sdk/lib/tinyusb/src/common/tusb_fifo.c.obj
 .text._ff_pull_const_addr
                0x10008174       0x4c CMakeFiles/LCD_1INCH44.dir/D_/pico-env/pico-sdk/lib/tinyusb/src/common/tusb_fifo.c.obj
 .text._ff_pull_n
                0x100081c0      0x10c CMakeFiles/LCD_1INCH44.dir/D_/pico-env/pico-sdk/lib/tinyusb/src/common/tusb_fifo.c.obj
 .text._tu_fifo_peek_n
                0x100082cc       0x5e CMakeFiles/LCD_1INCH44.dir/D_/pico-env/pico-sdk/lib/tinyusb/src/common/tusb_fifo.c.obj
 .text._tu_fifo_read_n
                0x1000832a       0x4e CMakeFiles/LCD_1INCH44.dir/D_/pico-env/pico-sdk/lib/tinyusb/src/common/tusb_fifo.c.obj
 .text._ff_push_const_addr
                0x10008378       0x40 CMakeFiles/LCD_1INCH44.dir/D_/pico-env/pico-sdk/lib/tinyusb/src/common/tusb_fifo.c.obj
 .text._ff_push_n
                0x100083b8      0x106 CMakeFiles/LCD_1INCH44.dir/D_/pico-env/pico-sdk/lib/tinyusb/src/common/tusb_fifo.c.obj
 .text._tu_fifo_write_n
                0x100084be       0x9e CMakeFiles/LCD_1INCH44.dir/D_/pico-env/pico-sdk/lib/tinyusb/src/common/tusb_fifo.c.obj
 .text.tu_fifo_config
                0x1000855c       0x72 CMakeFiles/LCD_1INCH44.dir/D_/pico-env/pico-sdk/lib/tinyusb/src/common/tusb_fifo.c.obj
                0x1000855c                tu_fifo_config
 .text.tu_fifo_count
                0x100085ce       0x26 CMakeFiles/LCD_1INCH44.dir/D_/pico-env/pico-sdk/lib/tinyusb/src/common/tusb_fifo.c.obj
                0x100085ce                tu_fifo_count
 .text.tu_fifo_empty
                0x100085f4        0xe CMakeFiles/LCD_1INCH44.dir/D_/pico-env/pico-sdk/lib/tinyusb/src/common/tusb_fifo.c.obj
                0x100085f4                tu_fifo_empty
 .text.tu_fifo_remaining
                0x10008602       0x20 CMakeFiles/LCD_1INCH44.dir/D_/pico-env/pico-sdk/lib/tinyusb/src/common/tusb_fifo.c.obj
                0x10008602                tu_fifo_remaining
 .text.tu_fifo_read
                0x10008622       0x42 CMakeFiles/LCD_1INCH44.dir/D_/pico-env/pico-sdk/lib/tinyusb/src/common/tusb_fifo.c.obj
                0x10008622                tu_fifo_read
 .text.tu_fifo_read_n
                0x10008664        0xa CMakeFiles/LCD_1INCH44.dir/D_/pico-env/pico-sdk/lib/tinyusb/src/common/tusb_fifo.c.obj
                0x10008664                tu_fifo_read_n
 .text.tu_fifo_write
                0x1000866e       0x6c CMakeFiles/LCD_1INCH44.dir/D_/pico-env/pico-sdk/lib/tinyusb/src/common/tusb_fifo.c.obj
                0x1000866e                tu_fifo_write
 .text.tu_fifo_write_n
                0x100086da        0xa CMakeFiles/LCD_1INCH44.dir/D_/pico-env/pico-sdk/lib/tinyusb/src/common/tusb_fifo.c.obj
                0x100086da                tu_fifo_write_n
 .text.tu_fifo_clear
                0x100086e4       0x4c CMakeFiles/LCD_1INCH44.dir/D_/pico-env/pico-sdk/lib/tinyusb/src/common/tusb_fifo.c.obj
                0x100086e4                tu_fifo_clear
 .text.tu_fifo_set_overwritable
                0x10008730       0x3c CMakeFiles/LCD_1INCH44.dir/D_/pico-env/pico-sdk/lib/tinyusb/src/common/tusb_fifo.c.obj
                0x10008730                tu_fifo_set_overwritable
 .text._retrieve_unique_id_on_boot
                0x1000876c       0x10 CMakeFiles/LCD_1INCH44.dir/D_/pico-env/pico-sdk/src/rp2_common/pico_unique_id/unique_id.c.obj
 .text.pico_get_unique_board_id_string
                0x1000877c       0x60 CMakeFiles/LCD_1INCH44.dir/D_/pico-env/pico-sdk/src/rp2_common/pico_unique_id/unique_id.c.obj
                0x1000877c                pico_get_unique_board_id_string
 .text.flash_get_unique_id
                0x100087dc       0x46 CMakeFiles/LCD_1INCH44.dir/D_/pico-env/pico-sdk/src/rp2_common/hardware_flash/flash.c.obj
                0x100087dc                flash_get_unique_id
 *fill*         0x10008822        0x2 
 .text.strlen   0x10008824       0x5c d:/9 2019-q4-major/bin/../lib/gcc/arm-none-eabi/9.2.1/../../../../arm-none-eabi/lib/thumb/v6-m/nofp\libg.a(lib_a-strlen-stub.o)
                0x10008824                strlen
 *(.fini)
 .fini          0x10008880        0x4 d:/9 2019-q4-major/bin/../lib/gcc/arm-none-eabi/9.2.1/thumb/v6-m/nofp/crti.o
                0x10008880                _fini
 *fill*         0x10008884        0x4 
 .fini.__stub   0x10008888       0x80 linker stubs
 *crtbegin.o(.ctors)
 *crtbegin?.o(.ctors)
 *(EXCLUDE_FILE(*crtend.o *crtend?.o) .ctors)
 *(SORT_BY_NAME(.ctors.*))
 *(.ctors)
 *crtbegin.o(.dtors)
 *crtbegin?.o(.dtors)
 *(EXCLUDE_FILE(*crtend.o *crtend?.o) .dtors)
 *(SORT_BY_NAME(.dtors.*))
 *(.dtors)
 *(.eh_frame*)
 .eh_frame      0x10008908        0x0 d:/9 2019-q4-major/bin/../lib/gcc/arm-none-eabi/9.2.1/thumb/v6-m/nofp/crtbegin.o
                0x10008908                . = ALIGN (0x4)

.glue_7         0x10008908        0x0
 .glue_7        0x10008908        0x0 linker stubs

.glue_7t        0x10008908        0x0
 .glue_7t       0x10008908        0x0 linker stubs

.vfp11_veneer   0x10008908        0x0
 .vfp11_veneer  0x10008908        0x0 linker stubs

.v4_bx          0x10008908        0x0
 .v4_bx         0x10008908        0x0 linker stubs

.iplt           0x10008908        0x0
 .iplt          0x10008908        0x0 d:/9 2019-q4-major/bin/../lib/gcc/arm-none-eabi/9.2.1/thumb/v6-m/nofp/crtbegin.o

.rodata         0x10008908     0x2414
 *(EXCLUDE_FILE(*libm.a: *libc.a:*lib_a-mem*.o *libgcc.a:) .rodata*)
 .rodata.main.str1.4
                0x10008908       0x22 CMakeFiles/LCD_1INCH44.dir/main.c.obj
 *fill*         0x1000892a        0x2 
 .rodata.Lcd_Gpio_Init.str1.4
                0x1000892c       0x18 CMakeFiles/LCD_1INCH44.dir/lcd_1inch44.c.obj
 .rodata.Image_Init.str1.4
                0x10008944       0x11 CMakeFiles/LCD_1INCH44.dir/lcd_gui.c.obj
 *fill*         0x10008955        0x3 
 .rodata.Gui_set_pix.str1.4
                0x10008958       0x47 CMakeFiles/LCD_1INCH44.dir/lcd_gui.c.obj
 *fill*         0x1000899f        0x1 
 .rodata.Gui_draw_point.str1.4
                0x100089a0       0x2a CMakeFiles/LCD_1INCH44.dir/lcd_gui.c.obj
 *fill*         0x100089ca        0x2 
 .rodata.Gui_line.str1.4
                0x100089cc       0x24 CMakeFiles/LCD_1INCH44.dir/lcd_gui.c.obj
 .rodata.Gui_draw_circle.str1.4
                0x100089f0       0x2d CMakeFiles/LCD_1INCH44.dir/lcd_gui.c.obj
 *fill*         0x10008a1d        0x3 
 .rodata.Gui_draw_char.str1.4
                0x10008a20       0x29 CMakeFiles/LCD_1INCH44.dir/lcd_gui.c.obj
 *fill*         0x10008a49        0x3 
 .rodata.Font16_Table
                0x10008a4c      0xbe0 CMakeFiles/LCD_1INCH44.dir/font16.c.obj
                0x10008a4c                Font16_Table
 .rodata.Key_Init.str1.4
                0x1000962c        0xa CMakeFiles/LCD_1INCH44.dir/key.c.obj
 *fill*         0x10009636        0x2 
 .rodata.Key_Task.str1.4
                0x10009638       0x7e CMakeFiles/LCD_1INCH44.dir/key.c.obj
 *fill*         0x100096b6        0x2 
 .rodata.spin_lock_claim_unused.str1.4
                0x100096b8       0x1b CMakeFiles/LCD_1INCH44.dir/D_/pico-env/pico-sdk/src/rp2_common/hardware_sync/sync.c.obj
 *fill*         0x100096d3        0x1 
 .rodata.make_branch.str1.4
                0x100096d4       0x67 CMakeFiles/LCD_1INCH44.dir/D_/pico-env/pico-sdk/src/rp2_common/hardware_irq/irq.c.obj
 *fill*         0x1000973b        0x1 
 .rodata.insert_branch_and_link.str1.4
                0x1000973c       0x10 CMakeFiles/LCD_1INCH44.dir/D_/pico-env/pico-sdk/src/rp2_common/hardware_irq/irq.c.obj
 .rodata.irq_set_exclusive_handler.str1.4
                0x1000974c       0x36 CMakeFiles/LCD_1INCH44.dir/D_/pico-env/pico-sdk/src/rp2_common/hardware_irq/irq.c.obj
 *fill*         0x10009782        0x2 
 .rodata.irq_add_shared_handler.str1.4
                0x10009784       0xd9 CMakeFiles/LCD_1INCH44.dir/D_/pico-env/pico-sdk/src/rp2_common/hardware_irq/irq.c.obj
 *fill*         0x1000985d        0x3 
 .rodata.irq_remove_handler.str1.4
                0x10009860       0x2a CMakeFiles/LCD_1INCH44.dir/D_/pico-env/pico-sdk/src/rp2_common/hardware_irq/irq.c.obj
 *fill*         0x1000988a        0x2 
 .rodata.irq_add_tail_to_free_list.str1.4
                0x1000988c       0x3a CMakeFiles/LCD_1INCH44.dir/D_/pico-env/pico-sdk/src/rp2_common/hardware_irq/irq.c.obj
 *fill*         0x100098c6        0x2 
 .rodata.user_irq_claim_unused.str1.4
                0x100098c8       0x1b CMakeFiles/LCD_1INCH44.dir/D_/pico-env/pico-sdk/src/rp2_common/hardware_irq/irq.c.obj
 *fill*         0x100098e3        0x1 
 .rodata.__func__.4779
                0x100098e4       0x1a CMakeFiles/LCD_1INCH44.dir/D_/pico-env/pico-sdk/src/rp2_common/hardware_irq/irq.c.obj
 *fill*         0x100098fe        0x2 
 .rodata.__func__.4793
                0x10009900        0xc CMakeFiles/LCD_1INCH44.dir/D_/pico-env/pico-sdk/src/rp2_common/hardware_irq/irq.c.obj
 .rodata.__func__.4801
                0x1000990c       0x17 CMakeFiles/LCD_1INCH44.dir/D_/pico-env/pico-sdk/src/rp2_common/hardware_irq/irq.c.obj
 *fill*         0x10009923        0x1 
 .rodata.__func__.4805
                0x10009924        0xf CMakeFiles/LCD_1INCH44.dir/D_/pico-env/pico-sdk/src/rp2_common/hardware_irq/irq.c.obj
 *fill*         0x10009933        0x1 
 .rodata.__func__.4822
                0x10009934       0x17 CMakeFiles/LCD_1INCH44.dir/D_/pico-env/pico-sdk/src/rp2_common/hardware_irq/irq.c.obj
 *fill*         0x1000994b        0x1 
 .rodata.__func__.4844
                0x1000994c       0x13 CMakeFiles/LCD_1INCH44.dir/D_/pico-env/pico-sdk/src/rp2_common/hardware_irq/irq.c.obj
 *fill*         0x1000995f        0x1 
 .rodata.__func__.4866
                0x10009960       0x1a CMakeFiles/LCD_1INCH44.dir/D_/pico-env/pico-sdk/src/rp2_common/hardware_irq/irq.c.obj
 *fill*         0x1000997a        0x2 
 .rodata.repeating_timer_callback.str1.4
                0x1000997c       0x45 CMakeFiles/LCD_1INCH44.dir/D_/pico-env/pico-sdk/src/common/pico_time/time.c.obj
 *fill*         0x100099c1        0x3 
 .rodata.alarm_pool_dump_key.str1.4
                0x100099c4       0x33 CMakeFiles/LCD_1INCH44.dir/D_/pico-env/pico-sdk/src/common/pico_time/time.c.obj
 *fill*         0x100099f7        0x1 
 .rodata.ph_add_child_node.str1.4
                0x100099f8       0x8e CMakeFiles/LCD_1INCH44.dir/D_/pico-env/pico-sdk/src/common/pico_time/time.c.obj
 *fill*         0x10009a86        0x2 
 .rodata.add_alarm_under_lock.str1.4
                0x10009a88       0x28 CMakeFiles/LCD_1INCH44.dir/D_/pico-env/pico-sdk/src/common/pico_time/time.c.obj
                                 0x2b (size before relaxing)
 .rodata.alarm_pool_alarm_callback.str1.4
                0x10009ab0       0xde CMakeFiles/LCD_1INCH44.dir/D_/pico-env/pico-sdk/src/common/pico_time/time.c.obj
 *fill*         0x10009b8e        0x2 
 .rodata.alarm_pool_get_default.str1.4
                0x10009b90       0x21 CMakeFiles/LCD_1INCH44.dir/D_/pico-env/pico-sdk/src/common/pico_time/time.c.obj
 *fill*         0x10009bb1        0x3 
 .rodata.alarm_pool_cancel_alarm.str1.4
                0x10009bb4       0x27 CMakeFiles/LCD_1INCH44.dir/D_/pico-env/pico-sdk/src/common/pico_time/time.c.obj
 *fill*         0x10009bdb        0x1 
 .rodata.sleep_until.str1.4
                0x10009bdc       0x4d CMakeFiles/LCD_1INCH44.dir/D_/pico-env/pico-sdk/src/common/pico_time/time.c.obj
 *fill*         0x10009c29        0x3 
 .rodata.__func__.5710
                0x10009c2c       0x15 CMakeFiles/LCD_1INCH44.dir/D_/pico-env/pico-sdk/src/common/pico_time/time.c.obj
 *fill*         0x10009c41        0x3 
 .rodata.__func__.6028
                0x10009c44        0xc CMakeFiles/LCD_1INCH44.dir/D_/pico-env/pico-sdk/src/common/pico_time/time.c.obj
 .rodata.__func__.6035
                0x10009c50       0x12 CMakeFiles/LCD_1INCH44.dir/D_/pico-env/pico-sdk/src/common/pico_time/time.c.obj
 *fill*         0x10009c62        0x2 
 .rodata.__func__.6051
                0x10009c64        0xf CMakeFiles/LCD_1INCH44.dir/D_/pico-env/pico-sdk/src/common/pico_time/time.c.obj
 *fill*         0x10009c73        0x1 
 .rodata.__func__.6073
                0x10009c74        0xd CMakeFiles/LCD_1INCH44.dir/D_/pico-env/pico-sdk/src/common/pico_time/time.c.obj
 *fill*         0x10009c81        0x3 
 .rodata.__func__.6296
                0x10009c84        0xa CMakeFiles/LCD_1INCH44.dir/D_/pico-env/pico-sdk/src/common/pico_time/time.c.obj
 *fill*         0x10009c8e        0x2 
 .rodata.__func__.6301
                0x10009c90       0x12 CMakeFiles/LCD_1INCH44.dir/D_/pico-env/pico-sdk/src/common/pico_time/time.c.obj
 *fill*         0x10009ca2        0x2 
 .rodata.__func__.6316
                0x10009ca4       0x17 CMakeFiles/LCD_1INCH44.dir/D_/pico-env/pico-sdk/src/common/pico_time/time.c.obj
 *fill*         0x10009cbb        0x1 
 .rodata.__func__.6327
                0x10009cbc       0x15 CMakeFiles/LCD_1INCH44.dir/D_/pico-env/pico-sdk/src/common/pico_time/time.c.obj
 *fill*         0x10009cd1        0x3 
 .rodata.__func__.6344
                0x10009cd4       0x1a CMakeFiles/LCD_1INCH44.dir/D_/pico-env/pico-sdk/src/common/pico_time/time.c.obj
 *fill*         0x10009cee        0x2 
 .rodata.__func__.6383
                0x10009cf0       0x18 CMakeFiles/LCD_1INCH44.dir/D_/pico-env/pico-sdk/src/common/pico_time/time.c.obj
 .rodata.hardware_alarm_claim.str1.4
                0x10009d08       0x22 CMakeFiles/LCD_1INCH44.dir/D_/pico-env/pico-sdk/src/rp2_common/hardware_timer/timer.c.obj
 *fill*         0x10009d2a        0x2 
 .rodata.hardware_alarm_set_target.str1.4
                0x10009d2c       0x5f CMakeFiles/LCD_1INCH44.dir/D_/pico-env/pico-sdk/src/rp2_common/hardware_timer/timer.c.obj
 *fill*         0x10009d8b        0x1 
 .rodata.__func__.4577
                0x10009d8c       0x1a CMakeFiles/LCD_1INCH44.dir/D_/pico-env/pico-sdk/src/rp2_common/hardware_timer/timer.c.obj
 .rodata.ph_add_child_node.str1.4
                0x10009da6       0x8e CMakeFiles/LCD_1INCH44.dir/D_/pico-env/pico-sdk/src/common/pico_util/pheap.c.obj
 *fill*         0x10009da6        0x2 
 .rodata.ph_remove_any_head.str1.4
                0x10009da8       0x88 CMakeFiles/LCD_1INCH44.dir/D_/pico-env/pico-sdk/src/common/pico_util/pheap.c.obj
 .rodata.ph_remove_and_free_node.str1.4
                0x10009e30       0x1e CMakeFiles/LCD_1INCH44.dir/D_/pico-env/pico-sdk/src/common/pico_util/pheap.c.obj
                                 0x26 (size before relaxing)
 *fill*         0x10009e4e        0x2 
 .rodata.__func__.5726
                0x10009e50        0xc CMakeFiles/LCD_1INCH44.dir/D_/pico-env/pico-sdk/src/common/pico_util/pheap.c.obj
 .rodata.__func__.5733
                0x10009e5c       0x12 CMakeFiles/LCD_1INCH44.dir/D_/pico-env/pico-sdk/src/common/pico_util/pheap.c.obj
 *fill*         0x10009e6e        0x2 
 .rodata.__func__.5819
                0x10009e70       0x13 CMakeFiles/LCD_1INCH44.dir/D_/pico-env/pico-sdk/src/common/pico_util/pheap.c.obj
 *fill*         0x10009e83        0x1 
 .rodata.__func__.5837
                0x10009e84       0x18 CMakeFiles/LCD_1INCH44.dir/D_/pico-env/pico-sdk/src/common/pico_util/pheap.c.obj
 .rodata.str1.4
                0x10009e9c       0x85 CMakeFiles/LCD_1INCH44.dir/D_/pico-env/pico-sdk/src/common/pico_sync/mutex.c.obj
                                 0xe1 (size before relaxing)
 *fill*         0x10009f21        0x3 
 .rodata.__func__.4215
                0x10009f24       0x15 CMakeFiles/LCD_1INCH44.dir/D_/pico-env/pico-sdk/src/common/pico_sync/mutex.c.obj
 *fill*         0x10009f39        0x3 
 .rodata.__func__.4692
                0x10009f3c       0x18 CMakeFiles/LCD_1INCH44.dir/D_/pico-env/pico-sdk/src/common/pico_sync/mutex.c.obj
 .rodata.__func__.4711
                0x10009f54        0xb CMakeFiles/LCD_1INCH44.dir/D_/pico-env/pico-sdk/src/common/pico_sync/mutex.c.obj
 *fill*         0x10009f5f        0x1 
 .rodata.__assert_func.str1.4
                0x10009f60       0x3f CMakeFiles/LCD_1INCH44.dir/D_/pico-env/pico-sdk/src/rp2_common/pico_runtime/runtime.c.obj
                                 0x43 (size before relaxing)
 *fill*         0x10009f9f        0x1 
 .rodata.runtime_init.str1.4
                0x10009fa0       0x5b CMakeFiles/LCD_1INCH44.dir/D_/pico-env/pico-sdk/src/rp2_common/pico_runtime/runtime.c.obj
 *fill*         0x10009ffb        0x1 
 .rodata.panic.str1.4
                0x10009ffc       0x10 CMakeFiles/LCD_1INCH44.dir/D_/pico-env/pico-sdk/src/rp2_common/pico_runtime/runtime.c.obj
                                 0x12 (size before relaxing)
 .rodata.__func__.5844
                0x1000a00c        0xd CMakeFiles/LCD_1INCH44.dir/D_/pico-env/pico-sdk/src/rp2_common/pico_runtime/runtime.c.obj
 *fill*         0x1000a019        0x3 
 .rodata.clock_configure.str1.4
                0x1000a01c       0x51 CMakeFiles/LCD_1INCH44.dir/D_/pico-env/pico-sdk/src/rp2_common/hardware_clocks/clocks.c.obj
 *fill*         0x1000a06d        0x3 
 .rodata.__func__.4761
                0x1000a070       0x10 CMakeFiles/LCD_1INCH44.dir/D_/pico-env/pico-sdk/src/rp2_common/hardware_clocks/clocks.c.obj
 .rodata.pll_init.str1.4
                0x1000a080      0x133 CMakeFiles/LCD_1INCH44.dir/D_/pico-env/pico-sdk/src/rp2_common/hardware_pll/pll.c.obj
 *fill*         0x1000a1b3        0x1 
 .rodata.__func__.4418
                0x1000a1b4        0x9 CMakeFiles/LCD_1INCH44.dir/D_/pico-env/pico-sdk/src/rp2_common/hardware_pll/pll.c.obj
 *fill*         0x1000a1bd        0x3 
 .rodata._ftoa.str1.4
                0x1000a1c0       0x15 CMakeFiles/LCD_1INCH44.dir/D_/pico-env/pico-sdk/src/rp2_common/pico_printf/printf.c.obj
 *fill*         0x1000a1d5        0x3 
 .rodata._vsnprintf
                0x1000a1d8      0x1e0 CMakeFiles/LCD_1INCH44.dir/D_/pico-env/pico-sdk/src/rp2_common/pico_printf/printf.c.obj
 .rodata.pow10.5440
                0x1000a3b8       0x50 CMakeFiles/LCD_1INCH44.dir/D_/pico-env/pico-sdk/src/rp2_common/pico_printf/printf.c.obj
 .rodata.__aeabi_double_init.str1.4
                0x1000a408       0xa2 CMakeFiles/LCD_1INCH44.dir/D_/pico-env/pico-sdk/src/rp2_common/pico_double/double_init_rom.c.obj
 *fill*         0x1000a4aa        0x2 
 .rodata.__func__.4750
                0x1000a4ac       0x14 CMakeFiles/LCD_1INCH44.dir/D_/pico-env/pico-sdk/src/rp2_common/pico_double/double_init_rom.c.obj
 .rodata.__aeabi_float_init.str1.4
                0x1000a4c0       0x74 CMakeFiles/LCD_1INCH44.dir/D_/pico-env/pico-sdk/src/rp2_common/pico_float/float_init_rom.c.obj
                                 0x78 (size before relaxing)
 .rodata.__func__.4751
                0x1000a534       0x13 CMakeFiles/LCD_1INCH44.dir/D_/pico-env/pico-sdk/src/rp2_common/pico_float/float_init_rom.c.obj
 *fill*         0x1000a547        0x1 
 .rodata.str1.4
                0x1000a548       0x40 CMakeFiles/LCD_1INCH44.dir/D_/pico-env/pico-sdk/src/rp2_common/pico_standard_link/binary_info.c.obj
 .rodata.__bi_44
                0x1000a588        0xc CMakeFiles/LCD_1INCH44.dir/D_/pico-env/pico-sdk/src/rp2_common/pico_standard_link/binary_info.c.obj
 .rodata.__bi_75
                0x1000a594        0xc CMakeFiles/LCD_1INCH44.dir/D_/pico-env/pico-sdk/src/rp2_common/pico_standard_link/binary_info.c.obj
 .rodata.__bi_81
                0x1000a5a0        0xc CMakeFiles/LCD_1INCH44.dir/D_/pico-env/pico-sdk/src/rp2_common/pico_standard_link/binary_info.c.obj
 .rodata.crlf_str.5919
                0x1000a5ac        0x2 CMakeFiles/LCD_1INCH44.dir/D_/pico-env/pico-sdk/src/rp2_common/pico_stdio/stdio.c.obj
 *fill*         0x1000a5ae        0x2 
 .rodata._resetd_driver
                0x1000a5b0       0x18 CMakeFiles/LCD_1INCH44.dir/D_/pico-env/pico-sdk/src/rp2_common/pico_stdio_usb/reset_interface.c.obj
 .rodata.timer_task.str1.4
                0x1000a5c8       0x67 CMakeFiles/LCD_1INCH44.dir/D_/pico-env/pico-sdk/src/rp2_common/pico_stdio_usb/stdio_usb.c.obj
 .rodata.stdio_usb_init.str1.4
                0x1000a62f       0x5b CMakeFiles/LCD_1INCH44.dir/D_/pico-env/pico-sdk/src/rp2_common/pico_stdio_usb/stdio_usb.c.obj
 *fill*         0x1000a62f        0x1 
 .rodata.str1.4
                0x1000a630       0x13 CMakeFiles/LCD_1INCH44.dir/D_/pico-env/pico-sdk/src/rp2_common/pico_stdio_usb/stdio_usb.c.obj
 *fill*         0x1000a643        0x1 
 .rodata.__bi_118.7252
                0x1000a644        0xc CMakeFiles/LCD_1INCH44.dir/D_/pico-env/pico-sdk/src/rp2_common/pico_stdio_usb/stdio_usb.c.obj
 .rodata.__func__.5433
                0x1000a650       0x15 CMakeFiles/LCD_1INCH44.dir/D_/pico-env/pico-sdk/src/rp2_common/pico_stdio_usb/stdio_usb.c.obj
 *fill*         0x1000a665        0x3 
 .rodata.__func__.7226
                0x1000a668        0xb CMakeFiles/LCD_1INCH44.dir/D_/pico-env/pico-sdk/src/rp2_common/pico_stdio_usb/stdio_usb.c.obj
 *fill*         0x1000a673        0x1 
 .rodata.str1.4
                0x1000a674       0x2a CMakeFiles/LCD_1INCH44.dir/D_/pico-env/pico-sdk/src/rp2_common/pico_stdio_usb/stdio_usb_descriptors.c.obj
 *fill*         0x1000a69e        0x2 
 .rodata.usbd_desc_cfg
                0x1000a6a0       0x54 CMakeFiles/LCD_1INCH44.dir/D_/pico-env/pico-sdk/src/rp2_common/pico_stdio_usb/stdio_usb_descriptors.c.obj
 .rodata.usbd_desc_device
                0x1000a6f4       0x12 CMakeFiles/LCD_1INCH44.dir/D_/pico-env/pico-sdk/src/rp2_common/pico_stdio_usb/stdio_usb_descriptors.c.obj
 *fill*         0x1000a706        0x2 
 .rodata.usbd_desc_str
                0x1000a708       0x18 CMakeFiles/LCD_1INCH44.dir/D_/pico-env/pico-sdk/src/rp2_common/pico_stdio_usb/stdio_usb_descriptors.c.obj
 .rodata._hw_endpoint_alloc.str1.4
                0x1000a720       0xb1 CMakeFiles/LCD_1INCH44.dir/D_/pico-env/pico-sdk/lib/tinyusb/src/portable/raspberrypi/rp2040/dcd_rp2040.c.obj
 *fill*         0x1000a7d1        0x3 
 .rodata.dcd_rp2040_irq.str1.4
                0x1000a7d4       0x14 CMakeFiles/LCD_1INCH44.dir/D_/pico-env/pico-sdk/lib/tinyusb/src/portable/raspberrypi/rp2040/dcd_rp2040.c.obj
 .rodata.dcd_int_enable.str1.4
                0x1000a7e8        0xc CMakeFiles/LCD_1INCH44.dir/D_/pico-env/pico-sdk/lib/tinyusb/src/portable/raspberrypi/rp2040/dcd_rp2040.c.obj
 .rodata.__func__.6918
                0x1000a7f4       0x13 CMakeFiles/LCD_1INCH44.dir/D_/pico-env/pico-sdk/lib/tinyusb/src/portable/raspberrypi/rp2040/dcd_rp2040.c.obj
 *fill*         0x1000a807        0x1 
 .rodata.__func__.6971
                0x1000a808        0x9 CMakeFiles/LCD_1INCH44.dir/D_/pico-env/pico-sdk/lib/tinyusb/src/portable/raspberrypi/rp2040/dcd_rp2040.c.obj
 *fill*         0x1000a811        0x3 
 .rodata.__func__.6975
                0x1000a814        0xf CMakeFiles/LCD_1INCH44.dir/D_/pico-env/pico-sdk/lib/tinyusb/src/portable/raspberrypi/rp2040/dcd_rp2040.c.obj
 *fill*         0x1000a823        0x1 
 .rodata.__func__.6984
                0x1000a824       0x10 CMakeFiles/LCD_1INCH44.dir/D_/pico-env/pico-sdk/lib/tinyusb/src/portable/raspberrypi/rp2040/dcd_rp2040.c.obj
 .rodata.__func__.7003
                0x1000a834        0xe CMakeFiles/LCD_1INCH44.dir/D_/pico-env/pico-sdk/lib/tinyusb/src/portable/raspberrypi/rp2040/dcd_rp2040.c.obj
 *fill*         0x1000a842        0x2 
 .rodata.__func__.7013
                0x1000a844        0xe CMakeFiles/LCD_1INCH44.dir/D_/pico-env/pico-sdk/lib/tinyusb/src/portable/raspberrypi/rp2040/dcd_rp2040.c.obj
 *fill*         0x1000a852        0x2 
 .rodata.sync_ep_buffer.str1.4
                0x1000a854       0x8d CMakeFiles/LCD_1INCH44.dir/D_/pico-env/pico-sdk/lib/tinyusb/src/portable/raspberrypi/rp2040/rp2040_usb.c.obj
 *fill*         0x1000a8e1        0x3 
 .rodata._hw_endpoint_buffer_control_update32.str1.4
                0x1000a8e4       0x1f CMakeFiles/LCD_1INCH44.dir/D_/pico-env/pico-sdk/lib/tinyusb/src/portable/raspberrypi/rp2040/rp2040_usb.c.obj
 *fill*         0x1000a903        0x1 
 .rodata.hw_endpoint_xfer_start.str1.4
                0x1000a904       0x38 CMakeFiles/LCD_1INCH44.dir/D_/pico-env/pico-sdk/lib/tinyusb/src/portable/raspberrypi/rp2040/rp2040_usb.c.obj
 .rodata.hw_endpoint_xfer_continue.str1.4
                0x1000a93c       0x29 CMakeFiles/LCD_1INCH44.dir/D_/pico-env/pico-sdk/lib/tinyusb/src/portable/raspberrypi/rp2040/rp2040_usb.c.obj
 *fill*         0x1000a965        0x3 
 .rodata.str1.4
                0x1000a968        0x7 CMakeFiles/LCD_1INCH44.dir/D_/pico-env/pico-sdk/lib/tinyusb/src/portable/raspberrypi/rp2040/rp2040_usb.c.obj
 *fill*         0x1000a96f        0x1 
 .rodata.__func__.6683
                0x1000a970        0xf CMakeFiles/LCD_1INCH44.dir/D_/pico-env/pico-sdk/lib/tinyusb/src/portable/raspberrypi/rp2040/rp2040_usb.c.obj
 *fill*         0x1000a97f        0x1 
 .rodata.process_set_config.str1.4
                0x1000a980       0x17 CMakeFiles/LCD_1INCH44.dir/D_/pico-env/pico-sdk/lib/tinyusb/src/device/usbd.c.obj
 *fill*         0x1000a997        0x1 
 .rodata.process_get_descriptor
                0x1000a998       0x40 CMakeFiles/LCD_1INCH44.dir/D_/pico-env/pico-sdk/lib/tinyusb/src/device/usbd.c.obj
 .rodata.process_control_request
                0x1000a9d8       0x28 CMakeFiles/LCD_1INCH44.dir/D_/pico-env/pico-sdk/lib/tinyusb/src/device/usbd.c.obj
 .rodata.tud_task
                0x1000aa00       0x24 CMakeFiles/LCD_1INCH44.dir/D_/pico-env/pico-sdk/lib/tinyusb/src/device/usbd.c.obj
 .rodata.__func__.6584
                0x1000aa24       0x10 CMakeFiles/LCD_1INCH44.dir/D_/pico-env/pico-sdk/lib/tinyusb/src/device/usbd.c.obj
 .rodata.__func__.7382
                0x1000aa34        0x9 CMakeFiles/LCD_1INCH44.dir/D_/pico-env/pico-sdk/lib/tinyusb/src/device/usbd.c.obj
 *fill*         0x1000aa3d        0x3 
 .rodata.__func__.7403
                0x1000aa40       0x18 CMakeFiles/LCD_1INCH44.dir/D_/pico-env/pico-sdk/lib/tinyusb/src/device/usbd.c.obj
 .rodata.__func__.7446
                0x1000aa58       0x13 CMakeFiles/LCD_1INCH44.dir/D_/pico-env/pico-sdk/lib/tinyusb/src/device/usbd.c.obj
 *fill*         0x1000aa6b        0x1 
 .rodata.__func__.7481
                0x1000aa6c       0x17 CMakeFiles/LCD_1INCH44.dir/D_/pico-env/pico-sdk/lib/tinyusb/src/device/usbd.c.obj
 *fill*         0x1000aa83        0x1 
 .rodata.__func__.7535
                0x1000aa84       0x14 CMakeFiles/LCD_1INCH44.dir/D_/pico-env/pico-sdk/lib/tinyusb/src/device/usbd.c.obj
 .rodata.__func__.7549
                0x1000aa98        0xf CMakeFiles/LCD_1INCH44.dir/D_/pico-env/pico-sdk/lib/tinyusb/src/device/usbd.c.obj
 *fill*         0x1000aaa7        0x1 
 .rodata.__func__.7572
                0x1000aaa8        0xf CMakeFiles/LCD_1INCH44.dir/D_/pico-env/pico-sdk/lib/tinyusb/src/device/usbd.c.obj
 *fill*         0x1000aab7        0x1 
 .rodata._usbd_driver
                0x1000aab8       0x18 CMakeFiles/LCD_1INCH44.dir/D_/pico-env/pico-sdk/lib/tinyusb/src/device/usbd.c.obj
 .rodata.tud_control_xfer.str1.4
                0x1000aad0       0x17 CMakeFiles/LCD_1INCH44.dir/D_/pico-env/pico-sdk/lib/tinyusb/src/device/usbd_control.c.obj
 .rodata.__func__.7297
                0x1000aad0       0x11 CMakeFiles/LCD_1INCH44.dir/D_/pico-env/pico-sdk/lib/tinyusb/src/device/usbd_control.c.obj
 *fill*         0x1000aae1        0x3 
 .rodata.__func__.7324
                0x1000aae4       0x15 CMakeFiles/LCD_1INCH44.dir/D_/pico-env/pico-sdk/lib/tinyusb/src/device/usbd_control.c.obj
 .rodata.tud_cdc_n_write_flush.str1.4
                0x1000aaf9       0x17 CMakeFiles/LCD_1INCH44.dir/D_/pico-env/pico-sdk/lib/tinyusb/src/class/cdc/cdc_device.c.obj
 *fill*         0x1000aaf9        0x3 
 .rodata.__func__.7233
                0x1000aafc       0x16 CMakeFiles/LCD_1INCH44.dir/D_/pico-env/pico-sdk/lib/tinyusb/src/class/cdc/cdc_device.c.obj
 *fill*         0x1000ab12        0x2 
 .rodata.__func__.7266
                0x1000ab14        0xa CMakeFiles/LCD_1INCH44.dir/D_/pico-env/pico-sdk/lib/tinyusb/src/class/cdc/cdc_device.c.obj
 *fill*         0x1000ab1e        0x2 
 .rodata.__func__.7301
                0x1000ab20        0xd CMakeFiles/LCD_1INCH44.dir/D_/pico-env/pico-sdk/lib/tinyusb/src/class/cdc/cdc_device.c.obj
 .rodata.tusb_init.str1.4
                0x1000ab2d       0x17 CMakeFiles/LCD_1INCH44.dir/D_/pico-env/pico-sdk/lib/tinyusb/src/tusb.c.obj
 *fill*         0x1000ab2d        0x3 
 .rodata.__func__.7170
                0x1000ab30        0xa CMakeFiles/LCD_1INCH44.dir/D_/pico-env/pico-sdk/lib/tinyusb/src/tusb.c.obj
 *fill*         0x1000ab3a        0x2 
 .rodata.__func__.7182
                0x1000ab3c       0x11 CMakeFiles/LCD_1INCH44.dir/D_/pico-env/pico-sdk/lib/tinyusb/src/tusb.c.obj
 *fill*         0x1000ab4d        0x3 
 .rodata.pico_get_unique_board_id_string.str1.4
                0x1000ab50       0x47 CMakeFiles/LCD_1INCH44.dir/D_/pico-env/pico-sdk/src/rp2_common/pico_unique_id/unique_id.c.obj
 *fill*         0x1000ab97        0x1 
 .rodata.__func__.4298
                0x1000ab98       0x20 CMakeFiles/LCD_1INCH44.dir/D_/pico-env/pico-sdk/src/rp2_common/pico_unique_id/unique_id.c.obj
 .rodata.str1.4
                0x1000abb8      0x152 CMakeFiles/LCD_1INCH44.dir/D_/pico-env/pico-sdk/src/rp2_common/hardware_flash/flash.c.obj
 *fill*         0x1000ad0a        0x2 
 .rodata.__func__.4472
                0x1000ad0c        0xd CMakeFiles/LCD_1INCH44.dir/D_/pico-env/pico-sdk/src/rp2_common/hardware_flash/flash.c.obj
                0x1000ad1c                . = ALIGN (0x4)
 *fill*         0x1000ad19        0x3 
 *(SORT_BY_ALIGNMENT(SORT_BY_NAME(.flashdata*)))
                0x1000ad1c                . = ALIGN (0x4)

.rel.dyn        0x1000ad1c        0x0
 .rel.iplt      0x1000ad1c        0x0 d:/9 2019-q4-major/bin/../lib/gcc/arm-none-eabi/9.2.1/thumb/v6-m/nofp/crtbegin.o

.ARM.extab
 *(.ARM.extab* .gnu.linkonce.armextab.*)
                0x1000ad1c                __exidx_start = .

.ARM.exidx
 *(.ARM.exidx* .gnu.linkonce.armexidx.*)
                0x1000ad1c                __exidx_end = .
                0x1000ad1c                . = ALIGN (0x4)
                0x1000ad1c                __binary_info_start = .

.binary_info    0x1000ad1c       0x20
 *(.binary_info.keep.*)
 .binary_info.keep.__bi_ptr22
                0x1000ad1c        0x4 CMakeFiles/LCD_1INCH44.dir/D_/pico-env/pico-sdk/src/rp2_common/pico_standard_link/binary_info.c.obj
 .binary_info.keep.__bi_ptr30
                0x1000ad20        0x4 CMakeFiles/LCD_1INCH44.dir/D_/pico-env/pico-sdk/src/rp2_common/pico_standard_link/binary_info.c.obj
 .binary_info.keep.__bi_ptr38
                0x1000ad24        0x4 CMakeFiles/LCD_1INCH44.dir/D_/pico-env/pico-sdk/src/rp2_common/pico_standard_link/binary_info.c.obj
 .binary_info.keep.__bi_ptr44
                0x1000ad28        0x4 CMakeFiles/LCD_1INCH44.dir/D_/pico-env/pico-sdk/src/rp2_common/pico_standard_link/binary_info.c.obj
 .binary_info.keep.__bi_ptr50
                0x1000ad2c        0x4 CMakeFiles/LCD_1INCH44.dir/D_/pico-env/pico-sdk/src/rp2_common/pico_standard_link/binary_info.c.obj
 .binary_info.keep.__bi_ptr75
                0x1000ad30        0x4 CMakeFiles/LCD_1INCH44.dir/D_/pico-env/pico-sdk/src/rp2_common/pico_standard_link/binary_info.c.obj
 .binary_info.keep.__bi_ptr81
                0x1000ad34        0x4 CMakeFiles/LCD_1INCH44.dir/D_/pico-env/pico-sdk/src/rp2_common/pico_standard_link/binary_info.c.obj
 *(.binary_info.*)
 .binary_info.__bi_ptr118
                0x1000ad38        0x4 CMakeFiles/LCD_1INCH44.dir/D_/pico-env/pico-sdk/src/rp2_common/pico_stdio_usb/stdio_usb.c.obj
                0x1000ad3c                __binary_info_end = .
                0x1000ad3c                . = ALIGN (0x4)
                0x1000ad3c                __etext = .

.ram_vector_table
                0x20000000       0xc0
 *(.ram_vector_table)
 .ram_vector_table
                0x20000000       0xc0 CMakeFiles/LCD_1INCH44.dir/D_/pico-env/pico-sdk/src/rp2_common/pico_runtime/runtime.c.obj
                0x20000000                ram_vector_table

.data           0x200000c0      0x4a0 load address 0x1000ad3c
                0x200000c0                __data_start__ = .
 *(vtable)
 *(.time_critical*)
 .time_critical.spi_write_blocking
                0x200000c0       0x3a CMakeFiles/LCD_1INCH44.dir/D_/pico-env/pico-sdk/src/rp2_common/hardware_spi/spi.c.obj
                0x200000c0                spi_write_blocking
 .time_critical.mutex_enter_blocking
                0x200000fa       0x48 CMakeFiles/LCD_1INCH44.dir/D_/pico-env/pico-sdk/src/common/pico_sync/mutex.c.obj
                0x200000fa                mutex_enter_blocking
 .time_critical.mutex_try_enter
                0x20000142       0x48 CMakeFiles/LCD_1INCH44.dir/D_/pico-env/pico-sdk/src/common/pico_sync/mutex.c.obj
                0x20000142                mutex_try_enter
 *fill*         0x2000018a        0x2 
 .time_critical.mutex_enter_block_until
                0x2000018c       0x88 CMakeFiles/LCD_1INCH44.dir/D_/pico-env/pico-sdk/src/common/pico_sync/mutex.c.obj
                0x2000018c                mutex_enter_block_until
 .time_critical.mutex_enter_timeout_ms
                0x20000214       0x78 CMakeFiles/LCD_1INCH44.dir/D_/pico-env/pico-sdk/src/common/pico_sync/mutex.c.obj
                0x20000214                mutex_enter_timeout_ms
 .time_critical.mutex_exit
                0x2000028c       0x4c CMakeFiles/LCD_1INCH44.dir/D_/pico-env/pico-sdk/src/common/pico_sync/mutex.c.obj
                0x2000028c                mutex_exit
 .time_critical.flash_init_boot2_copyout
                0x200002d8       0x30 CMakeFiles/LCD_1INCH44.dir/D_/pico-env/pico-sdk/src/rp2_common/hardware_flash/flash.c.obj
 .time_critical.flash_enable_xip_via_boot2
                0x20000308       0x10 CMakeFiles/LCD_1INCH44.dir/D_/pico-env/pico-sdk/src/rp2_common/hardware_flash/flash.c.obj
 .time_critical.flash_cs_force
                0x20000318       0x28 CMakeFiles/LCD_1INCH44.dir/D_/pico-env/pico-sdk/src/rp2_common/hardware_flash/flash.c.obj
 .time_critical.flash_do_cmd
                0x20000340       0xd8 CMakeFiles/LCD_1INCH44.dir/D_/pico-env/pico-sdk/src/rp2_common/hardware_flash/flash.c.obj
                0x20000340                flash_do_cmd
 *(.text*)
 .text          0x20000418        0x4 d:/9 2019-q4-major/bin/../lib/gcc/arm-none-eabi/9.2.1/thumb/v6-m/nofp\libgcc.a(_dvmd_tls.o)
                0x20000418                __aeabi_idiv0
                0x20000418                __aeabi_ldiv0
 *fill*         0x2000041c        0x4 
 .text.__stub   0x20000420       0x40 linker stubs
                0x20000460                . = ALIGN (0x4)
 *(.rodata*)
                0x20000460                . = ALIGN (0x4)
 *(.data*)
 .data.Font16   0x20000460        0xc CMakeFiles/LCD_1INCH44.dir/font16.c.obj
                0x20000460                Font16
 .data.striped_spin_lock_num
                0x2000046c        0x1 CMakeFiles/LCD_1INCH44.dir/D_/pico-env/pico-sdk/src/rp2_common/hardware_sync/sync.c.obj
 *fill*         0x2000046d        0x3 
 .data          0x20000470       0x48 CMakeFiles/LCD_1INCH44.dir/D_/pico-env/pico-sdk/src/rp2_common/hardware_irq/irq_handler_chain.S.obj
                0x20000470                irq_handler_chain_slots
                0x200004a0                irq_handler_chain_first_slot
                0x200004aa                irq_handler_chain_remove_tail
 .data.default_alarm_pool
                0x200004b8       0x18 CMakeFiles/LCD_1INCH44.dir/D_/pico-env/pico-sdk/src/common/pico_time/time.c.obj
 .data.default_alarm_pool_heap
                0x200004d0       0x10 CMakeFiles/LCD_1INCH44.dir/D_/pico-env/pico-sdk/src/common/pico_time/time.c.obj
 *fill*         0x200004e0        0x0 
 .data.aeabi_bits_funcs
                0x200004e0       0x10 CMakeFiles/LCD_1INCH44.dir/D_/pico-env/pico-sdk/src/rp2_common/pico_bit_ops/bit_ops_aeabi.S.obj
                0x200004e0                aeabi_bits_funcs
                0x200004f0                aeabi_bits_funcs_end
 .data.aeabi_mem_funcs
                0x200004f0       0x10 CMakeFiles/LCD_1INCH44.dir/D_/pico-env/pico-sdk/src/rp2_common/pico_mem_ops/mem_ops_aeabi.S.obj
                0x200004f0                aeabi_mem_funcs
                0x20000500                aeabi_mem_funcs_end
 .data.stdio_usb
                0x20000500       0x14 CMakeFiles/LCD_1INCH44.dir/D_/pico-env/pico-sdk/src/rp2_common/pico_stdio_usb/stdio_usb.c.obj
                0x20000500                stdio_usb
 .data.ep_dir_string
                0x20000514        0x8 CMakeFiles/LCD_1INCH44.dir/D_/pico-env/pico-sdk/lib/tinyusb/src/portable/raspberrypi/rp2040/rp2040_usb.c.obj
                0x20000514                ep_dir_string
 .data._usbd_qdef
                0x2000051c       0x24 CMakeFiles/LCD_1INCH44.dir/D_/pico-env/pico-sdk/lib/tinyusb/src/device/usbd.c.obj
                0x2000051c                _usbd_qdef
                0x20000540                . = ALIGN (0x4)
 *(.after_data.*)
                0x20000540                . = ALIGN (0x4)
                0x20000540                PROVIDE (__mutex_array_start = .)
 *(SORT_BY_NAME(.mutex_array.*))
 *(.mutex_array)
 .mutex_array   0x20000540        0x8 CMakeFiles/LCD_1INCH44.dir/D_/pico-env/pico-sdk/src/rp2_common/pico_stdio/stdio.c.obj
                0x20000548                PROVIDE (__mutex_array_end = .)
                0x20000548                . = ALIGN (0x4)
                0x20000548                PROVIDE (__preinit_array_start = .)
 *(SORT_BY_NAME(.preinit_array.*))
 .preinit_array.00001
                0x20000548        0x4 CMakeFiles/LCD_1INCH44.dir/D_/pico-env/pico-sdk/src/rp2_common/pico_mem_ops/mem_ops_aeabi.S.obj
 .preinit_array.00010
                0x2000054c        0x4 CMakeFiles/LCD_1INCH44.dir/D_/pico-env/pico-sdk/src/rp2_common/pico_bit_ops/bit_ops_aeabi.S.obj
 .preinit_array.00020
                0x20000550        0x4 CMakeFiles/LCD_1INCH44.dir/D_/pico-env/pico-sdk/src/rp2_common/pico_double/double_aeabi.S.obj
 .preinit_array.00020
                0x20000554        0x4 CMakeFiles/LCD_1INCH44.dir/D_/pico-env/pico-sdk/src/rp2_common/pico_float/float_aeabi.S.obj
 *(.preinit_array)
                0x20000558                PROVIDE (__preinit_array_end = .)
                0x20000558                . = ALIGN (0x4)
                0x20000558                PROVIDE (__init_array_start = .)
 *(SORT_BY_NAME(.init_array.*))
 *(.init_array)
 .init_array    0x20000558        0x4 d:/9 2019-q4-major/bin/../lib/gcc/arm-none-eabi/9.2.1/thumb/v6-m/nofp/crtbegin.o
 .init_array    0x2000055c        0x4 CMakeFiles/LCD_1INCH44.dir/D_/pico-env/pico-sdk/src/rp2_common/pico_unique_id/unique_id.c.obj
                0x20000560                PROVIDE (__init_array_end = .)
                0x20000560                . = ALIGN (0x4)
                [!provide]                PROVIDE (__fini_array_start = .)
 *(SORT_BY_NAME(.fini_array.*))
 *(.fini_array)
                [!provide]                PROVIDE (__fini_array_end = .)
 *(.jcr)
                0x20000560                . = ALIGN (0x4)
                0x20000560                __data_end__ = .

.igot.plt       0x20000560        0x0 load address 0x1000b1dc
 .igot.plt      0x20000560        0x0 d:/9 2019-q4-major/bin/../lib/gcc/arm-none-eabi/9.2.1/thumb/v6-m/nofp/crtbegin.o

.uninitialized_data
                0x20000560        0x0 load address 0x1000b1dc
                0x20000560                . = ALIGN (0x4)
 *(.uninitialized_data*)

.scratch_x      0x20040000        0x0 load address 0x1000b1dc
                0x20040000                __scratch_x_start__ = .
 *(.scratch_x.*)
                0x20040000                . = ALIGN (0x4)
                0x20040000                __scratch_x_end__ = .
                0x1000b1dc                __scratch_x_source__ = LOADADDR (.scratch_x)

.scratch_y      0x20041000        0x0 load address 0x1000b1dc
                0x20041000                __scratch_y_start__ = .
 *(.scratch_y.*)
                0x20041000                . = ALIGN (0x4)
                0x20041000                __scratch_y_end__ = .
                0x1000b1dc                __scratch_y_source__ = LOADADDR (.scratch_y)

.bss            0x20000560    0x10d8c
                0x20000560                . = ALIGN (0x4)
                0x20000560                __bss_start__ = .